T3F90 000:001.476   SEGGER J-Link V8.58 Log File
T3F90 000:001.644   DLL Compiled: Aug  6 2025 12:29:52
T3F90 000:001.662   Logging started @ 2025-12-05 06:28
T3F90 000:001.679   Process: C:\Users\a5152874\.eclipse\com.renesas.platform_391184307\DebugComp\RA\e2-server-gdb.exe
T3F90 000:001.698 - 1.695ms 
T3F90 000:001.722 JLINK_GetDLLVersion()
T3F90 000:001.739 - 0.017ms returns 85800
T3F90 000:007.014 JLINK_OpenEx(...)
T3F90 000:023.839   Firmware: J-Link OB-S124 compiled Apr  1 2025 10:13:40
T3F90 000:029.076   Firmware: J-Link OB-S124 compiled Apr  1 2025 10:13:40
T3F90 000:060.124   Hardware: V1.00
T3F90 000:060.240   S/N: 831627383
T3F90 000:060.294   OEM: SEGGER
T3F90 000:060.347   Feature(s): None
T3F90 000:064.917   Bootloader: 2019 Oct 15
T3F90 000:080.985   USB speed mode: Full speed (12 MBit/s)
T3F90 000:083.385   TELNET listener socket opened on port 19021
T3F90 000:084.043   WEBSRV WEBSRV_Init(): Starting webserver thread(s)
T3F90 000:084.277   WEBSRV Failed to put socket into listener state (port 19080)
T3F90 000:084.623   WEBSRV Webserver running on local port 19081
T3F90 000:085.201   Looking for J-Link GUI Server exe at: C:\Users\a5152874\.eclipse\com.renesas.platform_391184307\DebugComp\RA\ARM\Segger_v8.58.0\JLinkGUIServer.exe
T3F90 000:086.239   Looking for J-Link GUI Server exe at: \JLinkGUIServer.exe
T3F90 000:087.593   J-Link GUI Server info: "J-Link GUI server V8.10b "
T3F90 000:088.347 - 81.322ms returns "O.K."
T3F90 000:088.641 JLINK_ExecCommand("ProjectFile=C:\Project_data\works\personal\e2_studio_project/tflite_weather_monitoring Debug_Flat.jlink", ...). 
T3F90 000:124.770 - 36.133ms returns 0x00
T3F90 000:125.247 JLINK_ExecCommand("device=R7FA6M4AF", ...). 
T3F90 000:126.218   Flash bank @ 0x0100A100: SFL: Parsing sectorization info from ELF file
T3F90 000:126.260     FlashDevice.SectorInfo[0]: .SectorSize = 0x00000010, .SectorStartAddr = 0x00000000
T3F90 000:126.286   FlashBank @0x0100A100: Sectorization info from SFL ELF file ignored because sectorization override from DLL / XML file is active.
T3F90 000:126.740   Flash bank @ 0x60000000: SFL: Parsing sectorization info from ELF file
T3F90 000:126.780     FlashDevice.SectorInfo[0]: .SectorSize = 0x00010000, .SectorStartAddr = 0x00000000
T3F90 000:131.120   Device "R7FA6M4AF" selected.
T3F90 000:132.351 - 7.070ms returns 0x00
T3F90 000:132.385 JLINK_TIF_GetAvailable(...)
T3F90 000:134.271 - 1.885ms 
T3F90 000:134.329 JLINK_TIF_Select(JLINKARM_TIF_SWD)
T3F90 000:139.891 - 5.562ms returns 0x00
T3F90 000:139.968 JLINK_SetSpeed(4000)
T3F90 000:142.190 - 2.225ms 
T3F90 000:142.256 JLINK_ReadMem(0xE000EDF0, 0x4 Bytes, ...)
T3F90 000:145.526   ConfigTargetSettings() start
T3F90 000:145.560    J-Link Script File: Executing ConfigTargetSettings()
T3F90 000:145.583   Configuring FlashDLNoRMWThreshold=0x200 in order to make sure that option bytes programming is done via read-modify-write
T3F90 000:166.601   ConfigTargetSettings() end - Took 21.0ms
T3F90 000:166.639   InitTarget() start
T3F90 000:166.663    J-Link Script File: Executing InitTarget()
T3F90 000:166.681   SWD selected. Executing JTAG -> SWD switching sequence.
T3F90 000:171.291   DAP initialized successfully.
T3F90 000:171.353   Determining TrustZone configuration...
T3F90 000:173.905     Secure Debug: Enabled (SSD)
T3F90 000:174.000   Determining currently configured transfer type by reading the AHB-AP CSW register.
T3F90 000:176.054     --> Correct transfer type configured. Done.
T3F90 000:176.088   InitTarget() end - Took 9.42ms
T3F90 000:177.438   Found SW-DP with ID 0x6BA02477
T3F90 000:182.331   DPIDR: 0x6BA02477
T3F90 000:182.372   CoreSight SoC-400 or earlier
T3F90 000:182.408   Scanning AP map to find all available APs
T3F90 000:185.182   AP[2]: Stopped AP scan as end of AP map has been reached
T3F90 000:185.269   AP[0]: AHB-AP (IDR: 0x84770001, ADDR: 0x00000000)
T3F90 000:185.308   AP[1]: APB-AP (IDR: 0x54770002, ADDR: 0x01000000)
T3F90 000:185.344   Iterating through AP map to find AHB-AP to use
T3F90 000:187.702   AP[0]: Core found
T3F90 000:187.920   AP[0]: AHB-AP ROM base: 0xE00FE000
T3F90 000:189.161   CPUID register: 0x410FD214. Implementer code: 0x41 (ARM)
T3F90 000:189.287   Feature set: Mainline
T3F90 000:190.819   Cache: No cache
T3F90 000:190.915   Found Cortex-M33 r0p4, Little endian.
T3F90 000:192.340   -- Max. mem block: 0x00000E20
T3F90 000:194.498   CPU_ReadMem(4 bytes @ 0xE000EDF0)
T3F90 000:195.624   CPU_ReadMem(4 bytes @ 0xE0002000)
T3F90 000:196.472   FPUnit: 8 code (BP) slots and 0 literal slots
T3F90 000:196.502   CPU_ReadMem(4 bytes @ 0xE000EDFC)
T3F90 000:197.290   CPU_ReadMem(4 bytes @ 0xE0001000)
T3F90 000:198.125   CPU_ReadMem(4 bytes @ 0xE0001000)
T3F90 000:199.120   CPU_ReadMem(4 bytes @ 0xE0001028)
T3F90 000:200.184   CPU_ReadMem(4 bytes @ 0xE0001038)
T3F90 000:201.155   CPU_ReadMem(4 bytes @ 0xE0001048)
T3F90 000:202.168   CPU_ReadMem(4 bytes @ 0xE0001058)
T3F90 000:203.179   CPU_WriteMem(4 bytes @ 0xE0001000)
T3F90 000:204.215   CPU_ReadMem(4 bytes @ 0xE000ED88)
T3F90 000:205.167   CPU_WriteMem(4 bytes @ 0xE000ED88)
T3F90 000:206.128   CPU_ReadMem(4 bytes @ 0xE000ED88)
T3F90 000:207.114   CPU_WriteMem(4 bytes @ 0xE000ED88)
T3F90 000:208.035   CPU_ReadMem(4 bytes @ 0xE000EFB8)
T3F90 000:208.966   Security extension: implemented
T3F90 000:209.020   Secure debug: enabled
T3F90 000:209.044   CoreSight components:
T3F90 000:209.067   ROMTbl[0] @ E00FE000
T3F90 000:209.097   CPU_ReadMem(64 bytes @ 0xE00FE000)
T3F90 000:210.775   CPU_ReadMem(32 bytes @ 0xE0044FE0)
T3F90 000:212.025   CPU_ReadMem(4 bytes @ 0xE0044FBC)
T3F90 000:212.961   CPU_ReadMem(4 bytes @ 0xE0044FCC)
T3F90 000:213.966   [0][0]: E0044000 CID B105900D PID 005BB906 DEVARCH 00000000 DEVTYPE 14 CTI (?)
T3F90 000:214.049   CPU_ReadMem(32 bytes @ 0xE0047FE0)
T3F90 000:215.360   CPU_ReadMem(4 bytes @ 0xE0047FBC)
T3F90 000:216.280   CPU_ReadMem(4 bytes @ 0xE0047FCC)
T3F90 000:217.253   [0][1]: E0047000 CID B105900D PID 003BB908 DEVARCH 00000000 DEVTYPE 12 CSTF
T3F90 000:217.361   CPU_ReadMem(32 bytes @ 0xE0048FE0)
T3F90 000:218.655   CPU_ReadMem(4 bytes @ 0xE0048FBC)
T3F90 000:219.432   CPU_ReadMem(4 bytes @ 0xE0048FCC)
T3F90 000:220.304   [0][2]: E0048000 CID B105900D PID 001BB961 DEVARCH 00000000 DEVTYPE 21 TMC
T3F90 000:220.356   CPU_ReadMem(32 bytes @ 0xE0049FE0)
T3F90 000:221.646   [0][3]: E0049000 CID B105F00D PID 001BB101 TSG
T3F90 000:221.701   CPU_ReadMem(32 bytes @ 0xE0040FE0)
T3F90 000:222.975   CPU_ReadMem(4 bytes @ 0xE0040FBC)
T3F90 000:223.791   CPU_ReadMem(4 bytes @ 0xE0040FCC)
T3F90 000:224.722   [0][4]: E0040000 CID B105900D PID 000BBD21 DEVARCH 00000000 DEVTYPE 11 TPIU
T3F90 000:224.760   CPU_ReadMem(32 bytes @ 0xE00FFFE0)
T3F90 000:226.017   [0][5]: E00FF000 CID B105100D PID 000BB4C9 ROM Table
T3F90 000:226.127   ROMTbl[1] @ E00FF000
T3F90 000:226.204   CPU_ReadMem(64 bytes @ 0xE00FF000)
T3F90 000:227.857   CPU_ReadMem(32 bytes @ 0xE000EFE0)
T3F90 000:229.088   CPU_ReadMem(4 bytes @ 0xE000EFBC)
T3F90 000:230.026   CPU_ReadMem(4 bytes @ 0xE000EFCC)
T3F90 000:230.984   [1][0]: E000E000 CID B105900D PID 000BBD21 DEVARCH 47702A04 DEVTYPE 00 Cortex-M33
T3F90 000:231.056   CPU_ReadMem(32 bytes @ 0xE0001FE0)
T3F90 000:232.182   CPU_ReadMem(4 bytes @ 0xE0001FBC)
T3F90 000:233.059   CPU_ReadMem(4 bytes @ 0xE0001FCC)
T3F90 000:233.936   [1][1]: E0001000 CID B105900D PID 000BBD21 DEVARCH 47701A02 DEVTYPE 00 DWT
T3F90 000:233.997   CPU_ReadMem(32 bytes @ 0xE0002FE0)
T3F90 000:235.217   CPU_ReadMem(4 bytes @ 0xE0002FBC)
T3F90 000:236.088   CPU_ReadMem(4 bytes @ 0xE0002FCC)
T3F90 000:236.950   [1][2]: E0002000 CID B105900D PID 000BBD21 DEVARCH 47701A03 DEVTYPE 00 FPB
T3F90 000:237.019   CPU_ReadMem(32 bytes @ 0xE0000FE0)
T3F90 000:238.277   CPU_ReadMem(4 bytes @ 0xE0000FBC)
T3F90 000:239.194   CPU_ReadMem(4 bytes @ 0xE0000FCC)
T3F90 000:240.061   [1][3]: E0000000 CID B105900D PID 000BBD21 DEVARCH 47701A01 DEVTYPE 43 ITM
T3F90 000:240.144   CPU_ReadMem(32 bytes @ 0xE0041FE0)
T3F90 000:241.400   CPU_ReadMem(4 bytes @ 0xE0041FBC)
T3F90 000:242.358   CPU_ReadMem(4 bytes @ 0xE0041FCC)
T3F90 000:243.360   [1][5]: E0041000 CID B105900D PID 002BBD21 DEVARCH 47724A13 DEVTYPE 13 ETM
T3F90 000:243.461   CPU_ReadMem(32 bytes @ 0xE0042FE0)
T3F90 000:244.768   CPU_ReadMem(4 bytes @ 0xE0042FBC)
T3F90 000:245.750   CPU_ReadMem(4 bytes @ 0xE0042FCC)
T3F90 000:247.024   [1][6]: E0042000 CID B105900D PID 000BBD21 DEVARCH 47701A14 DEVTYPE 14 CSS600-CTI
T3F90 000:247.452   CPU_ReadMem(4 bytes @ 0xE000EDF0)
T3F90 000:248.902   Data:  03 00 13 00
T3F90 000:249.146   Debug reg: DHCSR
T3F90 000:249.227 - 106.970ms returns 0
T3F90 000:249.370 JLINK_ReadMem(0x400E002C, 0x4 Bytes, ...)
T3F90 000:249.450   CPU_ReadMem(4 bytes @ 0x400E002C)
T3F90 000:251.603   Data:  02 00 00 00
T3F90 000:251.776 - 2.406ms returns 0
T3F90 000:252.033 JLINK_ReadMem(0xE000EDF0, 0x4 Bytes, ...)
T3F90 000:252.100   CPU_ReadMem(4 bytes @ 0xE000EDF0)
T3F90 000:253.165   Data:  03 00 13 00
T3F90 000:253.255   Debug reg: DHCSR
T3F90 000:253.313 - 1.280ms returns 0
T3F90 000:253.488 JLINK_ReadMem(0xE000EDF0, 0x4 Bytes, ...)
T3F90 000:253.540   CPU_ReadMem(4 bytes @ 0xE000EDF0)
T3F90 000:254.524   Data:  03 00 13 00
T3F90 000:254.677   Debug reg: DHCSR
T3F90 000:254.772 - 1.284ms returns 0
T3F90 000:254.930 JLINK_ReadMem(0x400E001C, 0x4 Bytes, ...)
T3F90 000:255.052   CPU_ReadMem(4 bytes @ 0x400E001C)
T3F90 000:256.059   Data:  00 80 04 00
T3F90 000:256.210 - 1.280ms returns 0
T3F90 000:256.381 JLINK_ReadMem(0xE000EDF0, 0x4 Bytes, ...)
T3F90 000:256.508   CPU_ReadMem(4 bytes @ 0xE000EDF0)
T3F90 000:257.558   Data:  03 00 13 00
T3F90 000:257.730   Debug reg: DHCSR
T3F90 000:257.848 - 1.466ms returns 0
T3F90 000:258.025 JLINK_ReadMem(0x400E0018, 0x4 Bytes, ...)
T3F90 000:258.166   CPU_ReadMem(4 bytes @ 0x400E0018)
T3F90 000:259.193   Data:  00 80 04 00
T3F90 000:259.410 - 1.384ms returns 0
T3F90 000:259.625 JLINK_ReadMem(0xE000EDF0, 0x4 Bytes, ...)
T3F90 000:259.698   CPU_ReadMem(4 bytes @ 0xE000EDF0)
T3F90 000:260.855   Data:  03 00 13 00
T3F90 000:261.042   Debug reg: DHCSR
T3F90 000:261.169 - 1.544ms returns 0
T3F90 000:261.422 JLINK_ReadMem(0x400E0020, 0x4 Bytes, ...)
T3F90 000:261.510   CPU_ReadMem(4 bytes @ 0x400E0020)
T3F90 000:264.297   Data:  00 00 00 00
T3F90 000:264.476 - 3.054ms returns 0
T3F90 000:264.580 JLINK_ReadMem(0xE000EDF0, 0x4 Bytes, ...)
T3F90 000:264.643   CPU_ReadMem(4 bytes @ 0xE000EDF0)
T3F90 000:266.141   Data:  03 00 13 00
T3F90 000:266.355   Debug reg: DHCSR
T3F90 000:266.517 - 1.936ms returns 0
T3F90 000:266.773 JLINK_ReadMem(0x400E0028, 0x4 Bytes, ...)
T3F90 000:266.930   CPU_ReadMem(4 bytes @ 0x400E0028)
T3F90 000:269.429   Data:  00 A0 00 00
T3F90 000:269.582 - 2.809ms returns 0
T3F90 000:269.703 JLINK_ReadMem(0xE000EDF0, 0x4 Bytes, ...)
T3F90 000:269.772   CPU_ReadMem(4 bytes @ 0xE000EDF0)
T3F90 000:271.233   Data:  03 00 13 00
T3F90 000:271.522   Debug reg: DHCSR
T3F90 000:271.608 - 1.904ms returns 0
T3F90 000:271.723 JLINK_ReadMem(0x400E0024, 0x4 Bytes, ...)
T3F90 000:271.796   CPU_ReadMem(4 bytes @ 0x400E0024)
T3F90 000:273.214   Data:  00 A0 00 00
T3F90 000:273.520 - 1.797ms returns 0
T3F90 000:273.644 JLINK_ReadMem(0xE000EDF0, 0x4 Bytes, ...)
T3F90 000:273.717   CPU_ReadMem(4 bytes @ 0xE000EDF0)
T3F90 000:276.887   Data:  03 00 13 00
T3F90 000:277.110   Debug reg: DHCSR
T3F90 000:277.237 - 3.593ms returns 0
T3F90 000:277.465 JLINK_ReadMem(0x400E002C, 0x4 Bytes, ...)
T3F90 000:277.597   CPU_ReadMem(4 bytes @ 0x400E002C)
T3F90 000:280.048   Data:  02 00 00 00
T3F90 000:280.254 - 2.789ms returns 0
T3F90 000:280.513 JLINK_ReadMem(0xE000EDF0, 0x4 Bytes, ...)
T3F90 000:280.625   CPU_ReadMem(4 bytes @ 0xE000EDF0)
T3F90 000:283.296   Data:  03 00 13 00
T3F90 000:283.529   Debug reg: DHCSR
T3F90 000:283.648 - 3.134ms returns 0
T3F90 000:283.844 JLINK_ReadMem(0x400E002C, 0x4 Bytes, ...)
T3F90 000:283.957   CPU_ReadMem(4 bytes @ 0x400E002C)
T3F90 000:286.337   Data:  02 00 00 00
T3F90 000:286.545 - 2.700ms returns 0
T3F90 000:286.971 JLINK_ReadMem(0xE000EDF0, 0x4 Bytes, ...)
T3F90 000:287.105   CPU_ReadMem(4 bytes @ 0xE000EDF0)
T3F90 000:289.918   Data:  03 00 13 00
T3F90 000:290.142   Debug reg: DHCSR
T3F90 000:290.275 - 3.304ms returns 0
T3F90 000:290.494 JLINK_ReadMem(0x400E002C, 0x4 Bytes, ...)
T3F90 000:290.618   CPU_ReadMem(4 bytes @ 0x400E002C)
T3F90 000:293.143   Data:  02 00 00 00
T3F90 000:293.347 - 2.854ms returns 0
T3F90 000:293.587 JLINK_ReadMem(0xE000EDF0, 0x4 Bytes, ...)
T3F90 000:293.725   CPU_ReadMem(4 bytes @ 0xE000EDF0)
T3F90 000:296.262   Data:  03 00 13 00
T3F90 000:296.480   Debug reg: DHCSR
T3F90 000:296.615 - 3.028ms returns 0
T3F90 000:296.859 JLINK_ReadMem(0x400E001C, 0x4 Bytes, ...)
T3F90 000:296.983   CPU_ReadMem(4 bytes @ 0x400E001C)
T3F90 000:299.313   Data:  00 80 04 00
T3F90 000:299.482 - 2.623ms returns 0
T3F90 000:299.634 JLINK_ReadMem(0xE000EDF0, 0x4 Bytes, ...)
T3F90 000:299.720   CPU_ReadMem(4 bytes @ 0xE000EDF0)
T3F90 000:302.977   Data:  03 00 13 00
T3F90 000:303.166   Debug reg: DHCSR
T3F90 000:303.246 - 3.611ms returns 0
T3F90 000:303.468 JLINK_ReadMem(0x400E0018, 0x4 Bytes, ...)
T3F90 000:303.503   CPU_ReadMem(4 bytes @ 0x400E0018)
T3F90 000:305.059   Data:  00 80 04 00
T3F90 000:305.169 - 1.701ms returns 0
T3F90 000:305.290 JLINK_ReadMem(0xE000EDF0, 0x4 Bytes, ...)
T3F90 000:305.353   CPU_ReadMem(4 bytes @ 0xE000EDF0)
T3F90 000:306.861   Data:  03 00 13 00
T3F90 000:307.010   Debug reg: DHCSR
T3F90 000:307.046 - 1.756ms returns 0
T3F90 000:307.120 JLINK_ReadMem(0x400E0020, 0x4 Bytes, ...)
T3F90 000:307.155   CPU_ReadMem(4 bytes @ 0x400E0020)
T3F90 000:308.626   Data:  00 00 00 00
T3F90 000:308.751 - 1.630ms returns 0
T3F90 000:308.946 JLINK_ReadMem(0xE000EDF0, 0x4 Bytes, ...)
T3F90 000:309.022   CPU_ReadMem(4 bytes @ 0xE000EDF0)
T3F90 000:310.373   Data:  03 00 13 00
T3F90 000:310.481   Debug reg: DHCSR
T3F90 000:310.522 - 1.576ms returns 0
T3F90 000:310.611 JLINK_ReadMem(0x400E0028, 0x4 Bytes, ...)
T3F90 000:310.649   CPU_ReadMem(4 bytes @ 0x400E0028)
T3F90 000:312.419   Data:  00 A0 00 00
T3F90 000:312.563 - 1.951ms returns 0
T3F90 000:312.720 JLINK_ReadMem(0xE000EDF0, 0x4 Bytes, ...)
T3F90 000:312.804   CPU_ReadMem(4 bytes @ 0xE000EDF0)
T3F90 000:316.003   Data:  03 00 13 00
T3F90 000:316.069   Debug reg: DHCSR
T3F90 000:316.107 - 3.386ms returns 0
T3F90 000:316.182 JLINK_ReadMem(0x400E0024, 0x4 Bytes, ...)
T3F90 000:316.218   CPU_ReadMem(4 bytes @ 0x400E0024)
T3F90 000:317.765   Data:  00 A0 00 00
T3F90 000:317.848 - 1.665ms returns 0
T3F90 000:318.228 JLINK_SetEndian(ARM_ENDIAN_LITTLE)
T3F90 000:318.262 - 0.034ms returns 0
T3F90 000:318.291 JLINK_SetInitRegsOnReset(OFF)
T3F90 000:318.317 - 0.029ms returns 1
T3F90 000:318.345 JLINK_SetResetType(JLINKARM_CM3_RESET_TYPE_CONNECT_UNDER_RESET)
T3F90 000:318.370 - 0.026ms returns JLINKARM_CM3_RESET_TYPE_NORMAL
T3F90 000:318.399 JLINK_ExecCommand("EnableFlashBPs", ...). 
T3F90 000:318.427 - 0.000ms returns 0x00
T3F90 000:318.455 JLINK_ExecCommand("SetAllowFlashCache = 1", ...). 
T3F90 000:318.484 - 0.000ms returns 0x01
T3F90 000:318.512 JLINK_ExecCommand("SetRestartOnClose = 0", ...). 
T3F90 000:318.542 - 0.001ms returns 0x01
T3F90 000:318.571 JLINK_ExecCommand("SetAllowSimulation = 0", ...). 
T3F90 000:318.602 - 0.003ms returns 0x00
T3F90 000:318.630 JLINK_EnableSoftBPs(ON)
T3F90 000:318.656 - 0.026ms 
T3F90 000:318.685 JLINK_Connect()
T3F90 000:319.272   ConfigTargetSettings() start
T3F90 000:319.418    J-Link Script File: Executing ConfigTargetSettings()
T3F90 000:319.482   Configuring FlashDLNoRMWThreshold=0x200 in order to make sure that option bytes programming is done via read-modify-write
T3F90 000:347.856   ConfigTargetSettings() end - Took 28.4ms
T3F90 000:347.896   InitTarget() start
T3F90 000:347.920    J-Link Script File: Executing InitTarget()
T3F90 000:347.938   SWD selected. Executing JTAG -> SWD switching sequence.
T3F90 000:352.409   DAP initialized successfully.
T3F90 000:352.449   Determining TrustZone configuration...
T3F90 000:355.056     Secure Debug: Enabled (SSD)
T3F90 000:355.084   Determining currently configured transfer type by reading the AHB-AP CSW register.
T3F90 000:357.140     --> Correct transfer type configured. Done.
T3F90 000:357.216   InitTarget() end - Took 9.29ms
T3F90 000:358.530   Found SW-DP with ID 0x6BA02477
T3F90 000:363.374   DPIDR: 0x6BA02477
T3F90 000:363.425   CoreSight SoC-400 or earlier
T3F90 000:363.460   AP map detection skipped. Manually configured AP map found.
T3F90 000:363.494   AP[0]: AHB-AP (IDR: Not set, ADDR: 0x00000000)
T3F90 000:365.409   AP[0]: Core found
T3F90 000:365.450   AP[0]: AHB-AP ROM base: 0xE00FE000
T3F90 000:366.454   CPUID register: 0x410FD214. Implementer code: 0x41 (ARM)
T3F90 000:366.524   Feature set: Mainline
T3F90 000:367.514   Cache: No cache
T3F90 000:367.559   Found Cortex-M33 r0p4, Little endian.
T3F90 000:368.076   -- Max. mem block: 0x00000C48
T3F90 000:368.127   CPU_ReadMem(4 bytes @ 0xE000EDF0)
T3F90 000:369.129   CPU_ReadMem(4 bytes @ 0xE0002000)
T3F90 000:369.878   FPUnit: 8 code (BP) slots and 0 literal slots
T3F90 000:369.967   CPU_ReadMem(4 bytes @ 0xE000EDFC)
T3F90 000:370.860   CPU_ReadMem(4 bytes @ 0xE0001000)
T3F90 000:371.810   CPU_ReadMem(4 bytes @ 0xE0001000)
T3F90 000:372.874   CPU_ReadMem(4 bytes @ 0xE0001028)
T3F90 000:373.767   CPU_ReadMem(4 bytes @ 0xE0001038)
T3F90 000:374.620   CPU_ReadMem(4 bytes @ 0xE0001048)
T3F90 000:375.481   CPU_ReadMem(4 bytes @ 0xE0001058)
T3F90 000:376.328   CPU_WriteMem(4 bytes @ 0xE0001000)
T3F90 000:377.280   CPU_ReadMem(4 bytes @ 0xE000ED88)
T3F90 000:378.181   CPU_WriteMem(4 bytes @ 0xE000ED88)
T3F90 000:379.098   CPU_ReadMem(4 bytes @ 0xE000ED88)
T3F90 000:379.973   CPU_WriteMem(4 bytes @ 0xE000ED88)
T3F90 000:380.920   CPU_ReadMem(4 bytes @ 0xE000EFB8)
T3F90 000:381.862   Security extension: implemented
T3F90 000:381.936   Secure debug: enabled
T3F90 000:382.001   CoreSight components:
T3F90 000:382.067   ROMTbl[0] @ E00FE000
T3F90 000:382.134   CPU_ReadMem(64 bytes @ 0xE00FE000)
T3F90 000:383.828   CPU_ReadMem(32 bytes @ 0xE0044FE0)
T3F90 000:385.189   CPU_ReadMem(4 bytes @ 0xE0044FBC)
T3F90 000:386.115   CPU_ReadMem(4 bytes @ 0xE0044FCC)
T3F90 000:387.241   [0][0]: E0044000 CID B105900D PID 005BB906 DEVARCH 00000000 DEVTYPE 14 CTI (?)
T3F90 000:387.344   CPU_ReadMem(32 bytes @ 0xE0047FE0)
T3F90 000:388.827   CPU_ReadMem(4 bytes @ 0xE0047FBC)
T3F90 000:390.023   CPU_ReadMem(4 bytes @ 0xE0047FCC)
T3F90 000:391.364   [0][1]: E0047000 CID B105900D PID 003BB908 DEVARCH 00000000 DEVTYPE 12 CSTF
T3F90 000:391.547   CPU_ReadMem(32 bytes @ 0xE0048FE0)
T3F90 000:393.250   CPU_ReadMem(4 bytes @ 0xE0048FBC)
T3F90 000:394.469   CPU_ReadMem(4 bytes @ 0xE0048FCC)
T3F90 000:395.435   [0][2]: E0048000 CID B105900D PID 001BB961 DEVARCH 00000000 DEVTYPE 21 TMC
T3F90 000:395.519   CPU_ReadMem(32 bytes @ 0xE0049FE0)
T3F90 000:396.762   [0][3]: E0049000 CID B105F00D PID 001BB101 TSG
T3F90 000:396.828   CPU_ReadMem(32 bytes @ 0xE0040FE0)
T3F90 000:398.082   CPU_ReadMem(4 bytes @ 0xE0040FBC)
T3F90 000:398.982   CPU_ReadMem(4 bytes @ 0xE0040FCC)
T3F90 000:400.123   [0][4]: E0040000 CID B105900D PID 000BBD21 DEVARCH 00000000 DEVTYPE 11 TPIU
T3F90 000:400.330   CPU_ReadMem(32 bytes @ 0xE00FFFE0)
T3F90 000:401.887   [0][5]: E00FF000 CID B105100D PID 000BB4C9 ROM Table
T3F90 000:402.126   ROMTbl[1] @ E00FF000
T3F90 000:402.208   CPU_ReadMem(64 bytes @ 0xE00FF000)
T3F90 000:404.234   CPU_ReadMem(32 bytes @ 0xE000EFE0)
T3F90 000:405.961   CPU_ReadMem(4 bytes @ 0xE000EFBC)
T3F90 000:407.327   CPU_ReadMem(4 bytes @ 0xE000EFCC)
T3F90 000:408.794   [1][0]: E000E000 CID B105900D PID 000BBD21 DEVARCH 47702A04 DEVTYPE 00 Cortex-M33
T3F90 000:409.100   CPU_ReadMem(32 bytes @ 0xE0001FE0)
T3F90 000:410.802   CPU_ReadMem(4 bytes @ 0xE0001FBC)
T3F90 000:412.331   CPU_ReadMem(4 bytes @ 0xE0001FCC)
T3F90 000:413.782   [1][1]: E0001000 CID B105900D PID 000BBD21 DEVARCH 47701A02 DEVTYPE 00 DWT
T3F90 000:414.003   CPU_ReadMem(32 bytes @ 0xE0002FE0)
T3F90 000:415.663   CPU_ReadMem(4 bytes @ 0xE0002FBC)
T3F90 000:417.347   CPU_ReadMem(4 bytes @ 0xE0002FCC)
T3F90 000:418.946   [1][2]: E0002000 CID B105900D PID 000BBD21 DEVARCH 47701A03 DEVTYPE 00 FPB
T3F90 000:419.230   CPU_ReadMem(32 bytes @ 0xE0000FE0)
T3F90 000:420.874   CPU_ReadMem(4 bytes @ 0xE0000FBC)
T3F90 000:422.074   CPU_ReadMem(4 bytes @ 0xE0000FCC)
T3F90 000:423.284   [1][3]: E0000000 CID B105900D PID 000BBD21 DEVARCH 47701A01 DEVTYPE 43 ITM
T3F90 000:423.441   CPU_ReadMem(32 bytes @ 0xE0041FE0)
T3F90 000:425.095   CPU_ReadMem(4 bytes @ 0xE0041FBC)
T3F90 000:426.351   CPU_ReadMem(4 bytes @ 0xE0041FCC)
T3F90 000:427.730   [1][5]: E0041000 CID B105900D PID 002BBD21 DEVARCH 47724A13 DEVTYPE 13 ETM
T3F90 000:427.936   CPU_ReadMem(32 bytes @ 0xE0042FE0)
T3F90 000:429.469   CPU_ReadMem(4 bytes @ 0xE0042FBC)
T3F90 000:430.815   CPU_ReadMem(4 bytes @ 0xE0042FCC)
T3F90 000:432.129   [1][6]: E0042000 CID B105900D PID 000BBD21 DEVARCH 47701A14 DEVTYPE 14 CSS600-CTI
T3F90 000:432.364 - 113.676ms returns 0x00
T3F90 000:432.759 JLINK_Halt()
T3F90 000:441.354 - 8.593ms returns 0x00
T3F90 000:441.490 JLINK_IsHalted()
T3F90 000:441.532 - 0.042ms returns TRUE
T3F90 000:441.571 JLINK_ResetPullsRESET(ON)
T3F90 000:441.611 - 0.040ms 
T3F90 000:441.652 JLINK_Reset()
T3F90 000:444.243   ResetTarget() start
T3F90 000:444.338    J-Link Script File: Executing ResetTarget()
T3F90 000:444.391   CPU_ReadMem(4 bytes @ 0xE000ED44)
T3F90 000:445.322   CPU_ReadMem(4 bytes @ 0xE000EE08)
T3F90 000:446.255   CPU_WriteMem(4 bytes @ 0xE000EE08)
T3F90 000:447.341   CPU_ReadMem(4 bytes @ 0xE000EE08)
T3F90 000:448.333   Reset: ARMv8M core with Security Extension enabled detected. Switch to secure domain.
T3F90 000:448.419   Reset: Halt core after reset via DEMCR.VC_CORERESET.
T3F90 000:448.498   CPU_WriteMem(4 bytes @ 0xE000EDF0)
T3F90 000:449.872   CPU_WriteMem(4 bytes @ 0xE000EDFC)
T3F90 000:452.445   Reset: Reset device via AIRCR.SYSRESETREQ.
T3F90 000:452.654   CPU_WriteMem(4 bytes @ 0xE000ED0C)
T3F90 000:505.813   CPU_ReadMem(4 bytes @ 0xE000EDF0)
T3F90 000:507.817   CPU_ReadMem(4 bytes @ 0xE000EDF0)
T3F90 000:509.689   CPU_WriteMem(4 bytes @ 0xE000EDFC)
T3F90 000:511.714   ResetTarget() end - Took 67.3ms
T3F90 000:511.975   Device specific reset executed.
T3F90 000:520.760   CPU_WriteMem(4 bytes @ 0xE0002000)
T3F90 000:522.235   CPU_ReadMem(4 bytes @ 0xE000EDFC)
T3F90 000:523.526   CPU_ReadMem(4 bytes @ 0xE0001000)
T3F90 000:524.920   CPU_ReadMem(4 bytes @ 0xE000EE08)
T3F90 000:526.734 - 85.076ms 
T3F90 000:527.108 JLINK_ReadMem(0xE000EDF0, 0x4 Bytes, ...)
T3F90 000:527.452   CPU_ReadMem(4 bytes @ 0xE000EDF0)
T3F90 000:529.386   Data:  03 00 13 00
T3F90 000:529.598   Debug reg: DHCSR
T3F90 000:529.716 - 2.610ms returns 0
T3F90 000:529.980 JLINK_ReadMem(0x010080F0, 0x10 Bytes, ...)
T3F90 000:530.062   CPU_ReadMem(16 bytes @ 0x010080F0)
T3F90 000:531.436   Data:  52 37 46 41 36 4D 34 41 46 33 43 46 42 20 20 20
T3F90 000:531.610 - 1.630ms returns 0
T3F90 000:531.779 JLINK_IsHalted()
T3F90 000:531.864 - 0.085ms returns TRUE
T3F90 000:532.570 JLINK_ReadMem(0xE000EDF0, 0x4 Bytes, ...)
T3F90 000:532.675   CPU_ReadMem(4 bytes @ 0xE000EDF0)
T3F90 000:533.921   Data:  03 00 13 00
T3F90 000:534.013   Debug reg: DHCSR
T3F90 000:534.067 - 1.497ms returns 0
T3F90 000:534.161 JLINK_ReadMem(0x400E002C, 0x4 Bytes, ...)
T3F90 000:534.212   CPU_ReadMem(4 bytes @ 0x400E002C)
T3F90 000:535.252   Data:  02 00 00 00
T3F90 000:535.411 - 1.249ms returns 0
T3F90 000:535.582 JLINK_MeasureCPUSpeed(RAMAddr = 0x20000000)
T3F90 000:535.669   CPU_ReadMem(16 bytes @ 0x20000000)
T3F90 000:536.995   CPU_ReadMem(4 bytes @ 0xE000EDFC)
T3F90 000:538.278   CPU_ReadMem(4 bytes @ 0xE0001000)
T3F90 000:539.583   CPU_ReadMem(6 bytes @ 0x20000000)
T3F90 000:540.865   CPU_ReadMem(4 bytes @ 0xE000ED90)
T3F90 000:541.993   CPU_ReadMem(4 bytes @ 0xE000ED94)
T3F90 000:543.299   CPU_WriteMem(16 bytes @ 0x20000000)
T3F90 000:544.835   CPU_WriteMem(6 bytes @ 0x20000000)
T3F90 000:546.266   CPU_ReadMem(6 bytes @ 0x20000000)
T3F90 000:547.609   CPU_ReadMem(4 bytes @ 0xE000EE08)
T3F90 000:548.856   CPU_WriteMem(4 bytes @ 0xE0002008)
T3F90 000:548.968   CPU_WriteMem(4 bytes @ 0xE000200C)
T3F90 000:549.045   CPU_WriteMem(4 bytes @ 0xE0002010)
T3F90 000:549.137   CPU_WriteMem(4 bytes @ 0xE0002014)
T3F90 000:549.215   CPU_WriteMem(4 bytes @ 0xE0002018)
T3F90 000:549.291   CPU_WriteMem(4 bytes @ 0xE000201C)
T3F90 000:549.367   CPU_WriteMem(4 bytes @ 0xE0002020)
T3F90 000:549.443   CPU_WriteMem(4 bytes @ 0xE0002024)
T3F90 000:553.845   CPU_WriteMem(4 bytes @ 0xE0001004)
T3F90 000:567.450   CPU_ReadMem(4 bytes @ 0xE0001004)
T3F90 000:568.897   CPU_ReadMem(4 bytes @ 0xE000EE08)
T3F90 000:570.328   CPU_WriteMem(4 bytes @ 0xE0002008)
T3F90 000:571.690   CPU_WriteMem(4 bytes @ 0xE000200C)
T3F90 000:573.202   CPU_WriteMem(4 bytes @ 0xE0002010)
T3F90 000:574.466   CPU_WriteMem(4 bytes @ 0xE0002014)
T3F90 000:575.843   CPU_WriteMem(4 bytes @ 0xE0002018)
T3F90 000:577.326   CPU_WriteMem(4 bytes @ 0xE000201C)
T3F90 000:578.812   CPU_WriteMem(4 bytes @ 0xE0002020)
T3F90 000:580.145   CPU_WriteMem(4 bytes @ 0xE0002024)
T3F90 000:581.472   CPU_ReadMem(4 bytes @ 0xE000EE08)
T3F90 000:582.660   CPU_ReadMem(4 bytes @ 0xE000EE08)
T3F90 000:583.789   CPU_WriteMem(4 bytes @ 0xE0001004)
T3F90 000:616.197   CPU_ReadMem(4 bytes @ 0xE0001004)
T3F90 000:617.358   CPU_WriteMem(6 bytes @ 0x20000000)
T3F90 000:618.585   ClockFreq: 2085000 Hz
T3F90 000:618.692 - 83.110ms returns 2085000
T3F90 000:618.810 JLINK_ReadReg(XPSR)
T3F90 000:618.872   CPU_ReadMem(4 bytes @ 0xE000EE08)
T3F90 000:620.580 - 1.769ms returns 0xF9000000
T08F8 002:956.004 JLINK_ResetPullsRESET(ON)
T08F8 002:956.104 - 0.099ms 
T08F8 002:956.130 JLINK_Halt()
T08F8 002:957.112 - 0.979ms returns 0x00
T08F8 002:957.280 JLINK_IsHalted()
T08F8 002:957.343 - 0.062ms returns TRUE
T08F8 002:957.396 JLINK_Reset()
T08F8 002:959.779   ResetTarget() start
T08F8 002:959.839    J-Link Script File: Executing ResetTarget()
T08F8 002:959.866   CPU_ReadMem(4 bytes @ 0xE000ED44)
T08F8 002:960.835   CPU_ReadMem(4 bytes @ 0xE000EE08)
T08F8 002:961.739   CPU_WriteMem(4 bytes @ 0xE000EE08)
T08F8 002:962.632   CPU_ReadMem(4 bytes @ 0xE000EE08)
T08F8 002:963.382   Reset: ARMv8M core with Security Extension enabled detected. Switch to secure domain.
T08F8 002:963.416   Reset: Halt core after reset via DEMCR.VC_CORERESET.
T08F8 002:963.448   CPU_WriteMem(4 bytes @ 0xE000EDF0)
T08F8 002:964.316   CPU_WriteMem(4 bytes @ 0xE000EDFC)
T08F8 002:965.875   Reset: Reset device via AIRCR.SYSRESETREQ.
T08F8 002:966.004   CPU_WriteMem(4 bytes @ 0xE000ED0C)
T08F8 003:018.456   CPU_ReadMem(4 bytes @ 0xE000EDF0)
T08F8 003:020.329   CPU_ReadMem(4 bytes @ 0xE000EDF0)
T08F8 003:022.212   CPU_WriteMem(4 bytes @ 0xE000EDFC)
T08F8 003:023.949   ResetTarget() end - Took 64.1ms
T08F8 003:024.570   Device specific reset executed.
T08F8 003:033.534   CPU_WriteMem(4 bytes @ 0xE0002000)
T08F8 003:034.723   CPU_ReadMem(4 bytes @ 0xE000EDFC)
T08F8 003:035.728   CPU_ReadMem(4 bytes @ 0xE0001000)
T08F8 003:036.700   CPU_ReadMem(4 bytes @ 0xE000EE08)
T08F8 003:037.779 - 80.381ms 
T08F8 003:037.894 JLINK_SetEndian(ARM_ENDIAN_LITTLE)
T08F8 003:037.938 - 0.044ms returns 0
T08F8 003:039.722 JLINK_BeginDownload(Flags = 0x00000000)
T08F8 003:039.784 - 0.062ms 
T08F8 003:051.722 JLINK_ReadMem(0xE000EDF0, 0x4 Bytes, ...)
T08F8 003:051.843   CPU_ReadMem(4 bytes @ 0xE000EDF0)
T08F8 003:052.885   Data:  03 00 13 00
T08F8 003:052.975   Debug reg: DHCSR
T08F8 003:053.039 - 1.316ms returns 0
T08F8 003:054.034 JLINK_WriteMem(0x00000000, 0x40 Bytes, ...)
T08F8 003:054.097   Data:  40 05 00 20 71 54 03 00 15 53 03 00 6D 54 03 00 ...
T08F8 003:054.571   completely In flash
T08F8 003:054.638 - 0.604ms returns 0x40
T08F8 003:055.100 JLINK_WriteMem(0x00000040, 0x130 Bytes, ...)
T08F8 003:055.157   Data:  00 00 00 00 18 19 04 00 40 10 04 00 48 10 04 00 ...
T08F8 003:055.218   completely In flash
T08F8 003:055.270 - 0.170ms returns 0x130
T08F8 003:055.761 JLINK_WriteMem(0x00000170, 0xBC0 Bytes, ...)
T08F8 003:055.810   Data:  03 48 04 4B 83 42 02 D0 03 4B 03 B1 18 47 70 47 ...
T08F8 003:055.867   completely In flash
T08F8 003:055.919 - 0.158ms returns 0xBC0
T08F8 003:056.358 JLINK_WriteMem(0x00000D30, 0xBC0 Bytes, ...)
T08F8 003:056.411   Data:  E8 A9 03 00 00 00 00 00 2D E9 F0 43 0F 69 83 B0 ...
T08F8 003:056.469   completely In flash
T08F8 003:056.521 - 0.163ms returns 0xBC0
T08F8 003:056.842 JLINK_WriteMem(0x000018F0, 0xBC0 Bytes, ...)
T08F8 003:056.887   Data:  30 D1 9C 45 2E D1 00 2B B8 DD 22 46 01 46 04 EB ...
T08F8 003:056.913   completely In flash
T08F8 003:056.935 - 0.093ms returns 0xBC0
T08F8 003:057.293 JLINK_WriteMem(0x000024B0, 0xBC0 Bytes, ...)
T08F8 003:057.344   Data:  2F F8 B0 EE 49 0A F0 EE 69 0A 04 F1 08 01 04 F1 ...
T08F8 003:057.399   completely In flash
T08F8 003:057.451 - 0.158ms returns 0xBC0
T08F8 003:057.791 JLINK_WriteMem(0x00003070, 0xBC0 Bytes, ...)
T08F8 003:057.835   Data:  48 81 12 AB 03 EB 8C 03 53 F8 2C 4C 4F EA 8C 08 ...
T08F8 003:057.886   completely In flash
T08F8 003:057.937 - 0.146ms returns 0xBC0
T08F8 003:058.300 JLINK_WriteMem(0x00003C30, 0xBB0 Bytes, ...)
T08F8 003:058.350   Data:  05 46 38 46 98 47 33 78 80 46 02 2B 12 D0 04 2B ...
T08F8 003:058.415   completely In flash
T08F8 003:058.467 - 0.167ms returns 0xBB0
T08F8 003:058.823 JLINK_WriteMem(0x000047E0, 0xBB0 Bytes, ...)
T08F8 003:058.867   Data:  9A 42 01 F8 01 0B F9 D1 A2 E7 52 00 29 68 9F D0 ...
T08F8 003:058.922   completely In flash
T08F8 003:058.973 - 0.150ms returns 0xBB0
T08F8 003:059.326 JLINK_WriteMem(0x00005390, 0xBC0 Bytes, ...)
T08F8 003:059.370   Data:  3C 9B 0F 96 06 93 3D 9B 12 95 07 93 3E 9B E1 46 ...
T08F8 003:059.421   completely In flash
T08F8 003:059.471 - 0.145ms returns 0xBC0
T08F8 003:059.815 JLINK_WriteMem(0x00005F50, 0xBB0 Bytes, ...)
T08F8 003:059.858   Data:  01 33 9B 1A B3 FA 83 F3 5B 09 0E F8 01 3F 0C 9B ...
T08F8 003:059.908   completely In flash
T08F8 003:059.958 - 0.142ms returns 0xBB0
T08F8 003:060.306 JLINK_WriteMem(0x00006B00, 0xBC0 Bytes, ...)
T08F8 003:060.352   Data:  FF 35 02 EB 0E 00 11 9A 00 23 02 EB 08 01 05 95 ...
T08F8 003:060.403   completely In flash
T08F8 003:060.452 - 0.146ms returns 0xBC0
T08F8 003:060.796 JLINK_WriteMem(0x000076C0, 0xBB0 Bytes, ...)
T08F8 003:060.839   Data:  51 1E CB 18 0C 93 01 23 CC F1 00 02 78 42 08 92 ...
T08F8 003:060.889   completely In flash
T08F8 003:060.938 - 0.142ms returns 0xBB0
T08F8 003:061.288 JLINK_WriteMem(0x00008270, 0xBC0 Bytes, ...)
T08F8 003:061.333   Data:  FF F6 27 AF DD E9 2B 18 3B 46 27 46 1C 46 DD F8 ...
T08F8 003:061.383   completely In flash
T08F8 003:061.432 - 0.144ms returns 0xBC0
T08F8 003:061.778 JLINK_WriteMem(0x00008E30, 0xBC0 Bytes, ...)
T08F8 003:061.820   Data:  68 A0 1A 99 00 29 40 F3 CB 80 03 99 03 29 00 F0 ...
T08F8 003:061.870   completely In flash
T08F8 003:061.919 - 0.141ms returns 0xBC0
T08F8 003:062.262 JLINK_WriteMem(0x000099F0, 0xBB0 Bytes, ...)
T08F8 003:062.305   Data:  6F F0 00 43 FF F7 F3 BB 20 48 12 18 6A F1 00 0A ...
T08F8 003:062.356   completely In flash
T08F8 003:062.406 - 0.143ms returns 0xBB0
T08F8 003:062.738 JLINK_WriteMem(0x0000A5A0, 0xBB0 Bytes, ...)
T08F8 003:062.782   Data:  BC 45 40 F0 FC 80 01 33 9A 42 F5 D1 30 9B 9A 42 ...
T08F8 003:062.832   completely In flash
T08F8 003:062.882 - 0.144ms returns 0xBB0
T08F8 003:063.229 JLINK_WriteMem(0x0000B150, 0xBC0 Bytes, ...)
T08F8 003:063.279   Data:  B8 DD 27 46 A6 E7 4F F0 01 08 AF E7 2E F0 8A FE ...
T08F8 003:063.329   completely In flash
T08F8 003:063.378 - 0.149ms returns 0xBC0
T08F8 003:063.714 JLINK_WriteMem(0x0000BD10, 0xBC0 Bytes, ...)
T08F8 003:063.756   Data:  04 FB 05 FC 48 9D DD F8 28 A1 07 95 49 9D 16 97 ...
T08F8 003:063.807   completely In flash
T08F8 003:063.856 - 0.142ms returns 0xBC0
T08F8 003:064.197 JLINK_WriteMem(0x0000C8D0, 0xBB0 Bytes, ...)
T08F8 003:064.241   Data:  2C 9A 0A F1 01 0A 13 44 56 45 04 46 DD F8 6C B0 ...
T08F8 003:064.291   completely In flash
T08F8 003:064.340 - 0.143ms returns 0xBB0
T08F8 003:064.680 JLINK_WriteMem(0x0000D480, 0xBB0 Bytes, ...)
T08F8 003:064.723   Data:  08 FA 04 F2 01 3A 55 10 05 EB D1 75 0A 40 21 41 ...
T08F8 003:064.772   completely In flash
T08F8 003:064.820 - 0.140ms returns 0xBB0
T08F8 003:065.158 JLINK_WriteMem(0x0000E030, 0xBC0 Bytes, ...)
T08F8 003:065.274   Data:  BA F1 00 0F 06 D0 DA F8 00 30 03 2B 00 F0 52 84 ...
T08F8 003:065.332   completely In flash
T08F8 003:065.382 - 0.224ms returns 0xBC0
T08F8 003:065.705 JLINK_WriteMem(0x0000EBF0, 0xBB0 Bytes, ...)
T08F8 003:065.754   Data:  01 3F 97 FB FE F7 01 3F 6D E7 65 23 12 49 6C 69 ...
T08F8 003:065.811   completely In flash
T08F8 003:065.867 - 0.162ms returns 0xBB0
T08F8 003:066.428 JLINK_WriteMem(0x0000F7A0, 0xBC0 Bytes, ...)
T08F8 003:066.526   Data:  13 9B D6 F8 00 E0 55 1C 1D 60 58 F8 2E 30 12 9D ...
T08F8 003:066.585   completely In flash
T08F8 003:066.639 - 0.212ms returns 0xBC0
T08F8 003:067.137 JLINK_WriteMem(0x00010360, 0xB80 Bytes, ...)
T08F8 003:067.193   Data:  B2 F9 00 40 20 46 E1 17 05 B0 30 BD 07 2B 14 68 ...
T08F8 003:067.296   completely In flash
T08F8 003:067.349 - 0.212ms returns 0xB80
T08F8 003:067.751 JLINK_WriteMem(0x00010EE0, 0xBA0 Bytes, ...)
T08F8 003:067.795   Data:  40 0A F1 EE 10 FA 08 D4 F1 EE C0 7A 84 42 E5 EC ...
T08F8 003:067.846   completely In flash
T08F8 003:067.895 - 0.144ms returns 0xBA0
T08F8 003:068.250 JLINK_WriteMem(0x00011A80, 0xBA0 Bytes, ...)
T08F8 003:068.293   Data:  04 A8 0F E0 29 D0 BE F1 FF 3F 31 D0 F2 45 2F DD ...
T08F8 003:068.346   completely In flash
T08F8 003:068.396 - 0.146ms returns 0xBA0
T08F8 003:068.722 JLINK_WriteMem(0x00012620, 0xBC0 Bytes, ...)
T08F8 003:068.768   Data:  98 47 80 46 00 28 4C D0 3B 68 32 46 29 46 38 46 ...
T08F8 003:068.820   completely In flash
T08F8 003:068.871 - 0.148ms returns 0xBC0
T08F8 003:069.230 JLINK_WriteMem(0x000131E0, 0xBC0 Bytes, ...)
T08F8 003:069.274   Data:  9F ED 19 7B 0C 9B 88 46 00 93 02 AB 01 93 29 46 ...
T08F8 003:069.376   completely In flash
T08F8 003:069.427 - 0.198ms returns 0xBC0
T08F8 003:069.786 JLINK_WriteMem(0x00013DA0, 0xBB0 Bytes, ...)
T08F8 003:069.831   Data:  56 F8 04 7F BA 42 40 F0 15 81 01 35 AC 45 F5 D1 ...
T08F8 003:069.882   completely In flash
T08F8 003:069.932 - 0.146ms returns 0xBB0
T08F8 003:070.311 JLINK_WriteMem(0x00014950, 0xBB0 Bytes, ...)
T08F8 003:070.398   Data:  F0 8F 25 F0 8F FA 00 BF A0 C9 03 00 18 CA 03 00 ...
T08F8 003:070.426   completely In flash
T08F8 003:070.448 - 0.137ms returns 0xBB0
T08F8 003:070.726 JLINK_WriteMem(0x00015500, 0xBC0 Bytes, ...)
T08F8 003:070.752   Data:  6F F0 00 40 09 18 4E F1 00 0E C8 0F 4F F0 00 4A ...
T08F8 003:070.774   completely In flash
T08F8 003:070.795 - 0.069ms returns 0xBC0
T08F8 003:071.130 JLINK_WriteMem(0x000160C0, 0xBB0 Bytes, ...)
T08F8 003:071.163   Data:  43 EA 4E 03 B3 F1 60 4F D8 BF 4F F0 00 43 CF DC ...
T08F8 003:071.186   completely In flash
T08F8 003:071.207 - 0.077ms returns 0xBB0
T08F8 003:071.550 JLINK_WriteMem(0x00016C70, 0xBB0 Bytes, ...)
T08F8 003:071.584   Data:  FF 36 4F F0 00 0A 02 96 9E 07 01 3B CD E9 00 31 ...
T08F8 003:071.642   completely In flash
T08F8 003:071.664 - 0.113ms returns 0xBB0
T08F8 003:071.875 JLINK_WriteMem(0x00017820, 0xBB0 Bytes, ...)
T08F8 003:071.897   Data:  04 95 0B DD 02 AA 20 46 07 A9 FF F7 1D FF 04 9B ...
T08F8 003:071.921   completely In flash
T08F8 003:071.942 - 0.067ms returns 0xBB0
T08F8 003:072.297 JLINK_WriteMem(0x000183D0, 0xBB0 Bytes, ...)
T08F8 003:072.331   Data:  98 47 DA F8 44 30 06 46 D8 F8 0C 10 50 46 98 47 ...
T08F8 003:072.356   completely In flash
T08F8 003:072.378 - 0.081ms returns 0xBB0
T08F8 003:072.574 JLINK_WriteMem(0x00018F80, 0xBC0 Bytes, ...)
T08F8 003:072.593   Data:  50 D0 83 FB 0A 3A BA F1 00 0F 97 DA 29 4F DB 19 ...
T08F8 003:072.614   completely In flash
T08F8 003:072.635 - 0.061ms returns 0xBC0
T08F8 003:072.908 JLINK_WriteMem(0x00019B40, 0xBA0 Bytes, ...)
T08F8 003:072.924   Data:  8E 42 40 F0 DB 80 03 9A 27 68 00 2A 40 F3 AF 80 ...
T08F8 003:072.951   completely In flash
T08F8 003:072.972 - 0.064ms returns 0xBA0
T08F8 003:073.205 JLINK_WriteMem(0x0001A6E0, 0xBB0 Bytes, ...)
T08F8 003:073.222   Data:  CD E9 14 23 CD E9 16 23 09 DD C6 F1 05 00 14 AB ...
T08F8 003:073.244   completely In flash
T08F8 003:073.264 - 0.059ms returns 0xBB0
T08F8 003:073.528 JLINK_WriteMem(0x0001B290, 0xBB0 Bytes, ...)
T08F8 003:073.548   Data:  DD F8 24 C0 01 30 A0 42 0F 46 C4 44 11 99 7F F4 ...
T08F8 003:073.571   completely In flash
T08F8 003:073.592 - 0.063ms returns 0xBB0
T08F8 003:073.858 JLINK_WriteMem(0x0001BE40, 0xBB0 Bytes, ...)
T08F8 003:073.874   Data:  ED 0F 19 F1 1F 0F 45 EA 43 03 C0 F2 BB 80 01 24 ...
T08F8 003:073.895   completely In flash
T08F8 003:073.916 - 0.057ms returns 0xBB0
T08F8 003:074.173 JLINK_WriteMem(0x0001C9F0, 0xBD0 Bytes, ...)
T08F8 003:074.190   Data:  89 80 83 FB 01 34 00 2C D1 DA 37 48 1B 18 64 F1 ...
T08F8 003:074.211   completely In flash
T08F8 003:074.232 - 0.058ms returns 0xBD0
T08F8 003:074.494 JLINK_WriteMem(0x0001D5C0, 0xBC0 Bytes, ...)
T08F8 003:074.510   Data:  09 0F 18 D0 BE F1 07 0F 15 D0 22 46 53 46 49 46 ...
T08F8 003:074.532   completely In flash
T08F8 003:074.552 - 0.058ms returns 0xBC0
T08F8 003:074.817 JLINK_WriteMem(0x0001E180, 0xBC0 Bytes, ...)
T08F8 003:074.834   Data:  18 44 EC D1 00 9B 0C F1 01 0C D4 45 9E 44 E1 D1 ...
T08F8 003:074.858   completely In flash
T08F8 003:074.880 - 0.062ms returns 0xBC0
T08F8 003:075.155 JLINK_WriteMem(0x0001ED40, 0xBB0 Bytes, ...)
T08F8 003:075.171   Data:  C7 7A 17 EE 10 3A 04 32 BA 42 01 F8 01 3F E4 D1 ...
T08F8 003:075.192   completely In flash
T08F8 003:075.213 - 0.058ms returns 0xBB0
T08F8 003:075.561 JLINK_WriteMem(0x0001F8F0, 0xBB0 Bytes, ...)
T08F8 003:075.606   Data:  26 7A 07 EE 10 6A F8 EE C7 6A 19 46 11 93 0B 9B ...
T08F8 003:075.636   completely In flash
T08F8 003:075.663 - 0.102ms returns 0xBB0
T08F8 003:075.926 JLINK_WriteMem(0x000204A0, 0xBB0 Bytes, ...)
T08F8 003:075.960   Data:  0B D0 00 23 01 21 10 AA 02 E0 04 2B 00 F0 3C 81 ...
T08F8 003:075.982   completely In flash
T08F8 003:076.003 - 0.077ms returns 0xBB0
T08F8 003:076.222 JLINK_WriteMem(0x00021050, 0xBC0 Bytes, ...)
T08F8 003:076.256   Data:  00 23 06 A9 51 F8 04 6F 5C F8 04 5F AE 42 36 D1 ...
T08F8 003:076.279   completely In flash
T08F8 003:076.300 - 0.078ms returns 0xBC0
T08F8 003:076.542 JLINK_WriteMem(0x00021C10, 0xBD0 Bytes, ...)
T08F8 003:076.576   Data:  E0 AC FC EC 01 7A 01 32 BA 42 E8 EC 01 7A DA D1 ...
T08F8 003:076.599   completely In flash
T08F8 003:076.620 - 0.078ms returns 0xBD0
T08F8 003:076.863 JLINK_WriteMem(0x000227E0, 0xBB0 Bytes, ...)
T08F8 003:076.897   Data:  88 0B 4F F0 00 0A 03 EB 88 06 5B 46 57 46 D3 46 ...
T08F8 003:076.920   completely In flash
T08F8 003:076.941 - 0.078ms returns 0xBB0
T08F8 003:077.183 JLINK_WriteMem(0x00023390, 0xBB0 Bytes, ...)
T08F8 003:077.217   Data:  F0 8F 49 46 1C A8 F1 F7 57 F9 41 46 22 A8 D9 F8 ...
T08F8 003:077.240   completely In flash
T08F8 003:077.261 - 0.077ms returns 0xBB0
T08F8 003:077.501 JLINK_WriteMem(0x00023F40, 0xBD0 Bytes, ...)
T08F8 003:077.535   Data:  1F DD 00 EB 81 00 21 46 4F EA 8C 0E 04 EB 8C 0C ...
T08F8 003:077.558   completely In flash
T08F8 003:077.579 - 0.078ms returns 0xBD0
T08F8 003:077.823 JLINK_WriteMem(0x00024B10, 0xBB0 Bytes, ...)
T08F8 003:077.856   Data:  52 D0 D0 E9 00 13 5B 44 5B 68 09 FB 03 FC BC F1 ...
T08F8 003:077.879   completely In flash
T08F8 003:077.901 - 0.078ms returns 0xBB0
T08F8 003:078.165 JLINK_WriteMem(0x000256C0, 0xBB0 Bytes, ...)
T08F8 003:078.198   Data:  00 FB 04 F5 01 FB 0A F7 01 FB 08 F0 18 94 01 FB ...
T08F8 003:078.221   completely In flash
T08F8 003:078.242 - 0.077ms returns 0xBB0
T08F8 003:078.486 JLINK_WriteMem(0x00026270, 0xBB0 Bytes, ...)
T08F8 003:078.520   Data:  93 42 FF F6 11 AD 22 EA E2 73 0D E5 05 F1 FF 3C ...
T08F8 003:078.542   completely In flash
T08F8 003:078.564 - 0.077ms returns 0xBB0
T08F8 003:078.805 JLINK_WriteMem(0x00026E20, 0xBC0 Bytes, ...)
T08F8 003:078.838   Data:  F0 44 10 93 00 FB 08 F3 E2 44 08 93 01 FB 0A F3 ...
T08F8 003:078.861   completely In flash
T08F8 003:078.882 - 0.078ms returns 0xBC0
T08F8 003:079.127 JLINK_WriteMem(0x000279E0, 0xBC0 Bytes, ...)
T08F8 003:079.161   Data:  01 9B C7 F8 04 B0 5B 68 9B 45 FF F6 9C AE 03 B0 ...
T08F8 003:079.184   completely In flash
T08F8 003:079.206 - 0.078ms returns 0xBC0
T08F8 003:079.447 JLINK_WriteMem(0x000285A0, 0xBC0 Bytes, ...)
T08F8 003:079.484   Data:  00 2F C8 BF 01 23 B5 DC BE F1 00 0F 10 DD 01 23 ...
T08F8 003:079.509   completely In flash
T08F8 003:079.530 - 0.083ms returns 0xBC0
T08F8 003:079.770 JLINK_WriteMem(0x00029160, 0xBC0 Bytes, ...)
T08F8 003:079.804   Data:  6F F0 00 43 D3 E6 BA F1 00 4F D6 D1 19 F1 1F 0F ...
T08F8 003:079.826   completely In flash
T08F8 003:079.848 - 0.077ms returns 0xBC0
T08F8 003:080.089 JLINK_WriteMem(0x00029D20, 0xBC0 Bytes, ...)
T08F8 003:080.123   Data:  BE E7 D9 F8 0C 00 0E F0 93 FB 00 22 59 4B 0E F0 ...
T08F8 003:080.145   completely In flash
T08F8 003:080.167 - 0.077ms returns 0xBC0
T08F8 003:080.415 JLINK_WriteMem(0x0002A8E0, 0xBB0 Bytes, ...)
T08F8 003:080.449   Data:  06 6A 07 FB 05 22 64 6A 06 FB 05 33 04 FB 01 22 ...
T08F8 003:080.472   completely In flash
T08F8 003:080.493 - 0.078ms returns 0xBB0
T08F8 003:080.735 JLINK_WriteMem(0x0002B490, 0xBD0 Bytes, ...)
T08F8 003:080.769   Data:  6D E7 87 42 B7 DB 6A E7 B0 42 AD DB 67 E7 0C 98 ...
T08F8 003:080.792   completely In flash
T08F8 003:080.813 - 0.078ms returns 0xBD0
T08F8 003:081.060 JLINK_WriteMem(0x0002C060, 0xBB0 Bytes, ...)
T08F8 003:081.096   Data:  3B D1 B8 F1 00 0F 7F F4 A6 AD 9F BB 00 2E 7F F4 ...
T08F8 003:081.118   completely In flash
T08F8 003:081.140 - 0.080ms returns 0xBB0
T08F8 003:081.390 JLINK_WriteMem(0x0002CC10, 0xBA0 Bytes, ...)
T08F8 003:081.434   Data:  D0 E9 08 23 51 40 01 3B C0 E9 08 13 70 47 00 BF ...
T08F8 003:081.463   completely In flash
T08F8 003:081.491 - 0.101ms returns 0xBA0
T08F8 003:081.666 JLINK_WriteMem(0x0002D7B0, 0xBA0 Bytes, ...)
T08F8 003:081.683   Data:  19 FA 01 A8 E5 F7 B4 FC D5 F8 04 02 00 28 01 F0 ...
T08F8 003:081.707   completely In flash
T08F8 003:081.729 - 0.063ms returns 0xBA0
T08F8 003:081.992 JLINK_WriteMem(0x0002E350, 0xBD0 Bytes, ...)
T08F8 003:082.016   Data:  49 0E 41 F2 08 2A 00 EB C0 00 04 EB 80 06 0D F1 ...
T08F8 003:082.039   completely In flash
T08F8 003:082.061 - 0.068ms returns 0xBD0
T08F8 003:082.259 JLINK_WriteMem(0x0002EF20, 0xBC0 Bytes, ...)
T08F8 003:082.277   Data:  61 FE FE F7 28 BD D5 F8 8C 04 00 28 3E F4 0D AE ...
T08F8 003:082.299   completely In flash
T08F8 003:082.320 - 0.061ms returns 0xBC0
T08F8 003:082.623 JLINK_WriteMem(0x0002FAE0, 0xBB0 Bytes, ...)
T08F8 003:082.648   Data:  97 80 D4 60 2C 6A DB E7 63 46 CB 1A 1A 88 4C 46 ...
T08F8 003:082.670   completely In flash
T08F8 003:082.692 - 0.069ms returns 0xBB0
T08F8 003:083.165 JLINK_WriteMem(0x00030690, 0xBC0 Bytes, ...)
T08F8 003:083.204   Data:  10 89 18 B1 59 F8 00 20 48 44 10 44 01 93 FE F7 ...
T08F8 003:083.227   completely In flash
T08F8 003:083.248 - 0.083ms returns 0xBC0
T08F8 003:083.456 JLINK_WriteMem(0x00031250, 0xBB0 Bytes, ...)
T08F8 003:083.480   Data:  03 9A 50 F8 08 00 08 F0 BA FF 32 68 B3 1A 19 88 ...
T08F8 003:083.502   completely In flash
T08F8 003:083.524 - 0.067ms returns 0xBB0
T08F8 003:083.699 JLINK_WriteMem(0x00031E00, 0xBC0 Bytes, ...)
T08F8 003:083.718   Data:  08 F0 38 F8 94 0A 04 00 F0 0A 04 00 38 B5 83 68 ...
T08F8 003:083.739   completely In flash
T08F8 003:083.760 - 0.060ms returns 0xBC0
T08F8 003:084.047 JLINK_WriteMem(0x000329C0, 0xB70 Bytes, ...)
T08F8 003:084.068   Data:  71 49 72 4A A0 47 EA E7 D6 F8 34 E0 BE F1 00 0F ...
T08F8 003:084.091   completely In flash
T08F8 003:084.112 - 0.064ms returns 0xB70
T08F8 003:084.375 JLINK_WriteMem(0x00033530, 0xB60 Bytes, ...)
T08F8 003:084.391   Data:  00 20 E2 E7 00 20 D8 E7 10 5C 00 38 18 BF 01 20 ...
T08F8 003:084.412   completely In flash
T08F8 003:084.434 - 0.059ms returns 0xB60
T08F8 003:084.690 JLINK_WriteMem(0x00034090, 0xBA0 Bytes, ...)
T08F8 003:084.707   Data:  01 22 1B 68 98 47 00 23 03 70 43 70 23 68 02 46 ...
T08F8 003:084.806   completely In flash
T08F8 003:084.828 - 0.137ms returns 0xBA0
T08F8 003:085.044 JLINK_WriteMem(0x00034C30, 0xBB0 Bytes, ...)
T08F8 003:085.065   Data:  70 47 02 49 02 48 00 F0 01 BA 00 BF 90 29 04 00 ...
T08F8 003:085.093   completely In flash
T08F8 003:085.114 - 0.070ms returns 0xBB0
T08F8 003:085.377 JLINK_WriteMem(0x000357E0, 0xBB0 Bytes, ...)
T08F8 003:085.401   Data:  82 68 01 46 0A B9 00 F0 8D FA 02 F1 20 04 20 46 ...
T08F8 003:085.426   completely In flash
T08F8 003:085.448 - 0.070ms returns 0xBB0
T08F8 003:085.707 JLINK_WriteMem(0x00036390, 0xBB0 Bytes, ...)
T08F8 003:085.723   Data:  05 68 20 46 A4 F1 20 01 FF F7 D8 FF 28 B9 0D B1 ...
T08F8 003:085.745   completely In flash
T08F8 003:085.766 - 0.059ms returns 0xBB0
T08F8 003:086.020 JLINK_WriteMem(0x00036F40, 0xBC0 Bytes, ...)
T08F8 003:086.038   Data:  42 46 4B 46 01 F0 24 F9 02 46 0B 46 00 20 4C 49 ...
T08F8 003:086.061   completely In flash
T08F8 003:086.082 - 0.061ms returns 0xBC0
T08F8 003:086.337 JLINK_WriteMem(0x00037B00, 0xBD0 Bytes, ...)
T08F8 003:086.352   Data:  42 EA C1 53 00 EE 10 3A 70 47 DF ED 0B 7A 00 2B ...
T08F8 003:086.375   completely In flash
T08F8 003:086.396 - 0.059ms returns 0xBD0
T08F8 003:086.621 JLINK_WriteMem(0x000386D0, 0xBD0 Bytes, ...)
T08F8 003:086.637   Data:  08 BF 01 3D F7 D0 43 EA 06 03 70 47 94 EA 0C 0F ...
T08F8 003:086.659   completely In flash
T08F8 003:086.679 - 0.058ms returns 0xBD0
T08F8 003:086.938 JLINK_WriteMem(0x000392A0, 0xBC0 Bytes, ...)
T08F8 003:086.953   Data:  53 60 70 47 02 20 70 47 10 B5 84 B0 00 23 03 AC ...
T08F8 003:086.976   completely In flash
T08F8 003:086.997 - 0.059ms returns 0xBC0
T08F8 003:087.221 JLINK_WriteMem(0x00039E60, 0xBE0 Bytes, ...)
T08F8 003:087.244   Data:  70 47 50 EA 01 30 02 D1 4F F0 FF 30 70 47 4F F0 ...
T08F8 003:087.273   completely In flash
T08F8 003:087.298 - 0.076ms returns 0xBE0
T08F8 003:087.536 JLINK_WriteMem(0x0003AA40, 0xBF0 Bytes, ...)
T08F8 003:087.557   Data:  74 70 75 74 29 20 3E 3D 20 6B 49 6E 70 75 74 4F ...
T08F8 003:087.578   completely In flash
T08F8 003:087.600 - 0.064ms returns 0xBF0
T08F8 003:087.853 JLINK_WriteMem(0x0003B630, 0xBE0 Bytes, ...)
T08F8 003:087.869   Data:  6C 65 6D 65 6E 74 73 28 61 78 69 73 29 00 00 00 ...
T08F8 003:087.905   completely In flash
T08F8 003:087.926 - 0.073ms returns 0xBE0
T08F8 003:088.126 JLINK_WriteMem(0x0003C210, 0xBF0 Bytes, ...)
T08F8 003:088.144   Data:  20 69 6E 70 75 74 20 31 2C 20 67 6F 74 20 25 64 ...
T08F8 003:088.165   completely In flash
T08F8 003:088.186 - 0.059ms returns 0xBF0
T08F8 003:088.444 JLINK_WriteMem(0x0003CE00, 0xBE0 Bytes, ...)
T08F8 003:088.463   Data:  69 6D 65 6E 73 69 6F 6E 73 28 69 6E 70 75 74 5F ...
T08F8 003:088.487   completely In flash
T08F8 003:088.512 - 0.068ms returns 0xBE0
T08F8 003:088.705 JLINK_WriteMem(0x0003D9E0, 0xBE0 Bytes, ...)
T08F8 003:088.722   Data:  69 74 65 3A 3A 6D 69 63 72 6F 3A 3A 47 65 74 54 ...
T08F8 003:088.743   completely In flash
T08F8 003:088.765 - 0.059ms returns 0xBE0
T08F8 003:089.024 JLINK_WriteMem(0x0003E5C0, 0xBE0 Bytes, ...)
T08F8 003:089.044   Data:  41 54 33 32 20 61 6E 64 20 49 4E 54 38 2C 20 67 ...
T08F8 003:089.065   completely In flash
T08F8 003:089.086 - 0.062ms returns 0xBE0
T08F8 003:089.258 JLINK_WriteMem(0x0003F1A0, 0xBE0 Bytes, ...)
T08F8 003:089.276   Data:  75 6D 53 75 62 67 72 61 70 68 49 6E 70 75 74 73 ...
T08F8 003:089.297   completely In flash
T08F8 003:089.318 - 0.059ms returns 0xBE0
T08F8 003:089.549 JLINK_WriteMem(0x0003FD80, 0xBF0 Bytes, ...)
T08F8 003:089.567   Data:  20 70 65 72 73 69 73 74 65 6E 74 20 54 66 4C 69 ...
T08F8 003:089.589   completely In flash
T08F8 003:089.610 - 0.061ms returns 0xBF0
T08F8 003:089.864 JLINK_WriteMem(0x00040970, 0xBE0 Bytes, ...)
T08F8 003:089.880   Data:  6C 6F 63 61 74 69 6F 6E 2E 0A 00 00 46 61 69 6C ...
T08F8 003:089.901   completely In flash
T08F8 003:089.922 - 0.058ms returns 0xBE0
T08F8 003:090.271 JLINK_WriteMem(0x00041550, 0xBE0 Bytes, ...)
T08F8 003:090.288   Data:  FB FF FC FF FC FF FC FF FC FF FC FF FC FF FD FF ...
T08F8 003:090.310   completely In flash
T08F8 003:090.331 - 0.060ms returns 0xBE0
T08F8 003:090.621 JLINK_WriteMem(0x00042130, 0xBE0 Bytes, ...)
T08F8 003:090.640   Data:  BE BE 33 3F E0 BD 8E BE 34 FB 69 BF A1 2C AA 3E ...
T08F8 003:090.661   completely In flash
T08F8 003:090.682 - 0.061ms returns 0xBE0
T08F8 003:090.869 JLINK_WriteMem(0x00042D10, 0x71C Bytes, ...)
T08F8 003:090.888   Data:  00 00 00 03 00 00 00 00 01 00 02 00 08 00 10 00 ...
T08F8 003:090.910   completely In flash
T08F8 003:090.930 - 0.061ms returns 0x71C
T08F8 003:091.093 JLINK_WriteMem(0x0004342C, 0x4 Bytes, ...)
T08F8 003:091.110   Data:  F8 B5 00 BF
T08F8 003:091.132   completely In flash
T08F8 003:091.153 - 0.060ms returns 0x4
T08F8 003:091.448 JLINK_WriteMem(0x00043430, 0x4 Bytes, ...)
T08F8 003:091.479   Data:  F8 B5 00 BF
T08F8 003:091.501   completely In flash
T08F8 003:091.522 - 0.074ms returns 0x4
T08F8 003:091.753 JLINK_WriteMem(0x00043434, 0x4 Bytes, ...)
T08F8 003:091.778   Data:  DD 01 00 00
T08F8 003:091.800   completely In flash
T08F8 003:091.821 - 0.068ms returns 0x4
T08F8 003:092.043 JLINK_WriteMem(0x00043438, 0x4 Bytes, ...)
T08F8 003:092.063   Data:  B5 01 00 00
T08F8 003:092.085   completely In flash
T08F8 003:092.105 - 0.062ms returns 0x4
T08F8 003:092.427 JLINK_WriteMem(0x0004343C, 0x4A0 Bytes, ...)
T08F8 003:092.452   Data:  08 B1 01 81 B0 B0 00 84 00 00 00 00 3F 02 01 81 ...
T08F8 003:092.477   completely In flash
T08F8 003:092.501 - 0.073ms returns 0x4A0
T08F8 003:092.917 JLINK_WriteMem(0x000438DC, 0xBE4 Bytes, ...)
T08F8 003:092.941   Data:  24 C9 FB 7F 5C FB FF 7F 50 C9 FB 7F 01 00 00 00 ...
T08F8 003:092.963   completely In flash
T08F8 003:092.984 - 0.067ms returns 0xBE4
T08F8 003:093.206 JLINK_WriteMem(0x000444C0, 0x504 Bytes, ...)
T08F8 003:093.233   Data:  01 00 00 00 B0 8B FE 7F B0 B0 AE 80 98 8C FE 7F ...
T08F8 003:093.254   completely In flash
T08F8 003:093.275 - 0.069ms returns 0x504
T08F8 003:093.652 JLINK_WriteMem(0x0100A100, 0x4 Bytes, ...)
T08F8 003:093.674   Data:  FF FF FF FF
T08F8 003:093.902   completely In flash
T08F8 003:093.926 - 0.273ms returns 0x4
T08F8 003:094.271 JLINK_WriteMem(0x0100A200, 0x4 Bytes, ...)
T08F8 003:094.296   Data:  FF FD FF FF
T08F8 003:094.319   completely In flash
T08F8 003:094.340 - 0.068ms returns 0x4
T08F8 003:094.633 JLINK_WriteMem(0x0100A280, 0x4 Bytes, ...)
T08F8 003:094.656   Data:  F8 F8 FF FF
T08F8 003:094.678   completely In flash
T08F8 003:094.699 - 0.066ms returns 0x4
T08F8 003:095.408 JLINK_ReadMem(0x00035D04, 0x2 Bytes, ...)
T08F8 003:095.440    -- Read from flash cache (2 bytes @ 0x00035D04)
T08F8 003:095.461   Data:  08 B5
T08F8 003:095.482 - 0.074ms returns 0
T08F8 003:095.632 JLINK_ReadMem(0x00039024, 0x2 Bytes, ...)
T08F8 003:095.649    -- Read from flash cache (2 bytes @ 0x00039024)
T08F8 003:095.670   Data:  70 47
T08F8 003:095.691 - 0.059ms returns 0
T08F8 003:113.595 JLINK_EndDownload()
T08F8 003:115.463   CPU_ReadMem(4 bytes @ 0xE000ED90)
T08F8 003:116.445   CPU_ReadMem(4 bytes @ 0xE000ED94)
T08F8 003:117.327    -- --------------------------------------
T08F8 003:117.427    -- Start of determining flash info (Bank @ 0x0100A100)
T08F8 003:117.510    -- End of determining flash info
T08F8 003:117.542    -- Start of determining dirty areas in flash cache
T08F8 003:117.576    -- Filling invalid ranges in sector buffer (flash cache) for sector @ 0x0100A100 if necessary
T08F8 003:117.606    -- Filling invalid ranges in sector buffer (flash cache) for sector @ 0x0100A200 if necessary
T08F8 003:117.632    -- Filling invalid ranges in sector buffer (flash cache) for sector @ 0x0100A280 if necessary
T08F8 003:117.658    -- End of determining dirty areas
T08F8 003:117.683    -- Start of preparing flash programming
T08F8 003:117.710    -- Preparing RAMCode
T08F8 003:117.735    -- Calculating RAM usage
T08F8 003:117.760    -- RAM usage = 5104 Bytes
T08F8 003:117.784    -- Preserving CPU registers
T08F8 003:118.612    -- Preparing memory
T08F8 003:118.661    -- Determining CPU clock frequency
T08F8 003:187.435    -- CPU frequency = 2084 kHz
T08F8 003:187.595    -- Preparing target
T08F8 003:187.667    -- Preserving target RAM temporarily used for programming
T08F8 003:249.146    -- Downloading RAMCode
T08F8 003:331.101    -- Initializing RAMCode (InitType: 3 = Verify)
T08F8 003:331.462    -- Executing Init(3)
T08F8 003:358.518    -- End of preparing flash programming
T08F8 003:363.645   
  ***** Warning: 
T08F8 003:363.830   CPU is running at low speed (2084 kHz).
T08F8 003:363.938    -- CPU is running at 2084 kHz.
T08F8 003:364.048    -- Start of comparing flash
T08F8 003:364.157    -- Flash algorithm supports a native verify function which is used to compare the flash content.
T08F8 003:379.608    -- Comparing range 0x100A100 - 0x100A10F (1 Sector, 16 Bytes), using verify function of the RAMCode
T08F8 003:382.505    -- Data matches for sector 0
T08F8 003:383.073    -- Comparing range 0x100A200 - 0x100A20F (1 Sector, 16 Bytes), using verify function of the RAMCode
T08F8 003:385.620    -- Data matches for sector 16
T08F8 003:386.260    -- Comparing range 0x100A280 - 0x100A28F (1 Sector, 16 Bytes), using verify function of the RAMCode
T08F8 003:388.897    -- Data matches for sector 24
T08F8 003:388.970    -- End of comparing flash
T08F8 003:389.024    -- Start of erasing sectors
T08F8 003:389.075    -- End of erasing sectors
T08F8 003:389.125    -- Start of flash programming
T08F8 003:389.175    -- End of flash programming
T08F8 003:389.225    -- Start of verifying flash
T08F8 003:389.324    -- End of verifying flash
T08F8 003:389.355    -- Start of restoring
T08F8 003:389.376    -- Executing UnInit()
T08F8 003:399.276    -- Restoring target memory
T08F8 003:452.108    -- Restoring CPU registers
T08F8 003:454.150    -- End of restoring
T08F8 003:454.372    -- Bank 0 @ 0x0100A100: Skipped. Contents already match
T08F8 003:454.452    -- Bank 0 @ 0x0100A100: Skipped. Contents already match
T08F8 003:458.920    -- --------------------------------------
T08F8 003:459.125    -- Flash bank @ 0x00000000: Default: L2 verify disabled because algorithm performs L1 verify
T08F8 003:459.376    -- Start of determining dirty areas in flash cache
T08F8 003:459.467    -- Filling invalid ranges in sector buffer (flash cache) for sector @ 0x00000000 if necessary
T08F8 003:459.552    -- Filling invalid ranges in sector buffer (flash cache) for sector @ 0x00002000 if necessary
T08F8 003:459.643    -- Filling invalid ranges in sector buffer (flash cache) for sector @ 0x00004000 if necessary
T08F8 003:459.708    -- Filling invalid ranges in sector buffer (flash cache) for sector @ 0x00006000 if necessary
T08F8 003:459.789    -- Filling invalid ranges in sector buffer (flash cache) for sector @ 0x00008000 if necessary
T08F8 003:459.860    -- Filling invalid ranges in sector buffer (flash cache) for sector @ 0x0000A000 if necessary
T08F8 003:459.925    -- Filling invalid ranges in sector buffer (flash cache) for sector @ 0x0000C000 if necessary
T08F8 003:460.001    -- Filling invalid ranges in sector buffer (flash cache) for sector @ 0x0000E000 if necessary
T08F8 003:460.062    -- Filling invalid ranges in sector buffer (flash cache) for sector @ 0x00010000 if necessary
T08F8 003:460.147    -- Filling invalid ranges in sector buffer (flash cache) for sector @ 0x00018000 if necessary
T08F8 003:460.224    -- Filling invalid ranges in sector buffer (flash cache) for sector @ 0x00020000 if necessary
T08F8 003:460.284    -- Filling invalid ranges in sector buffer (flash cache) for sector @ 0x00028000 if necessary
T08F8 003:460.356    -- Filling invalid ranges in sector buffer (flash cache) for sector @ 0x00030000 if necessary
T08F8 003:460.443    -- Filling invalid ranges in sector buffer (flash cache) for sector @ 0x00038000 if necessary
T08F8 003:460.512    -- Filling invalid ranges in sector buffer (flash cache) for sector @ 0x00040000 if necessary
T08F8 003:460.827    -- End of determining dirty areas
T08F8 003:460.890    -- Start of preparing flash programming
T08F8 003:460.954    -- Calculating RAM usage
T08F8 003:461.164    -- RAM usage = 10644 Bytes
T08F8 003:461.228    -- Preserving CPU registers
T08F8 003:461.358    -- Determining CPU clock frequency
T08F8 003:525.114    -- Preparing target
T08F8 003:525.358    -- Preserving target RAM temporarily used for programming
T08F8 003:654.402    -- Downloading RAMCode
T08F8 003:704.845    -- Preparing RAMCode
T08F8 003:734.868    -- CPU frequency = 100000 kHz
T08F8 003:734.975    -- End of preparing flash programming
T08F8 003:737.222    -- CPU is running at 100000 kHz.
T08F8 003:737.304    -- Start of comparing flash
T08F8 003:737.355    -- CRC check was estimated as fastest method
T08F8 003:748.023    -- Comparing range 0x0000 - 0xFFFF (8 Sectors, 64 KB), using multi-block CRC calculation
T08F8 003:780.147    -- CRC does not match for sectors 0-7
T08F8 003:781.696    -- Comparing range 0x10000 - 0x2FFFF (4 Sectors, 128 KB), using multi-block CRC calculation
T08F8 003:841.513    -- CRC does not match for sectors 0-3
T08F8 003:842.376    -- Comparing range 0x30000 - 0x47FFF (3 Sectors, 96 KB), using multi-block CRC calculation
T08F8 003:863.914    -- CRC does not match for sectors 0-2
T08F8 003:864.046    -- End of comparing flash
T08F8 003:864.102    -- Start of erasing sectors
T08F8 003:864.158    -- Erasing range 0x00000000 - 0x0000FFFF (  8 Sectors, 64 KB)
T08F8 004:184.178    -- Erasing range 0x00010000 - 0x0002FFFF (  4 Sectors, 128 KB)
T08F8 004:762.925    -- Erasing range 0x00030000 - 0x00047FFF (  3 Sectors, 96 KB)
T08F8 005:194.961    -- End of erasing sectors
T08F8 005:195.051    -- Start of flash programming
T08F8 005:195.083    -- Programming range 0x00000000 - 0x00007FFF (  4 Sectors, 32 KB)
T08F8 005:537.286    -- Programming range 0x00008000 - 0x0000FFFF (  4 Sectors, 32 KB)
T08F8 005:934.487    -- Programming range 0x00010000 - 0x00017FFF (  1 Sector, 32 KB)
T08F8 006:331.694    -- Programming range 0x00018000 - 0x0001FFFF (  1 Sector, 32 KB)
T08F8 006:726.315    -- Programming range 0x00020000 - 0x00027FFF (  1 Sector, 32 KB)
T08F8 007:114.801    -- Programming range 0x00028000 - 0x0002FFFF (  1 Sector, 32 KB)
T08F8 007:506.714    -- Programming range 0x00030000 - 0x00037FFF (  1 Sector, 32 KB)
T08F8 007:901.559    -- Programming range 0x00038000 - 0x0003FFFF (  1 Sector, 32 KB)
T08F8 008:303.029    -- Programming range 0x00040000 - 0x00047FFF (  1 Sector, 32 KB)
T08F8 008:552.226    -- End of flash programming
T08F8 008:552.418    -- 0x0000 - 0xFFFF (  8 Sectors, 64 KB)
T08F8 008:552.493    -- 0x10000 - 0x47FFF (  7 Sectors, 224 KB)
T08F8 008:552.567    -- Start of restoring
T08F8 008:552.638    -- Restoring RAMCode
T08F8 008:620.624    -- Restoring target memory
T08F8 008:730.066    -- Restore target
T08F8 008:730.275    -- Restoring CPU registers
T08F8 008:731.489    -- End of restoring
T08F8 008:731.619    -- Bank 1 @ 0x00000000: 2 ranges affected (294912 bytes)
T08F8 008:731.706    -- Total: 5.270s (Prepare: 0.276s, Compare: 0.126s, Erase: 1.330s, Program & Verify: 3.415s, Restore: 0.120s)
T08F8 008:731.842    -- Program & Verify speed: 84 KB/s
T08F8 008:745.269 - 5631.672ms returns 294912 (0x48000)
T08F8 008:745.506 JLINK_WriteReg(R15 (PC), 0x00035470)
T08F8 008:745.530 - 0.024ms returns 0
T08F8 008:745.547 JLINK_WriteReg(XPSR, 0x01000000)
T08F8 008:745.564 - 0.016ms returns 0
T08F8 008:749.022 JLINK_ResetPullsRESET(ON)
T08F8 008:749.139 - 0.116ms 
T08F8 008:749.158 JLINK_Halt()
T08F8 008:750.314 - 1.155ms returns 0x00
T08F8 008:750.398 JLINK_IsHalted()
T08F8 008:750.416 - 0.018ms returns TRUE
T08F8 008:750.432 JLINK_Reset()
T08F8 008:751.292   ResetTarget() start
T08F8 008:751.335    J-Link Script File: Executing ResetTarget()
T08F8 008:751.355   CPU_ReadMem(4 bytes @ 0xE000ED44)
T08F8 008:752.184   CPU_ReadMem(4 bytes @ 0xE000EE08)
T08F8 008:752.798   CPU_WriteMem(4 bytes @ 0xE000EE08)
T08F8 008:753.592   CPU_ReadMem(4 bytes @ 0xE000EE08)
T08F8 008:754.322   Reset: ARMv8M core with Security Extension enabled detected. Switch to secure domain.
T08F8 008:754.345   Reset: Halt core after reset via DEMCR.VC_CORERESET.
T08F8 008:754.366   CPU_WriteMem(4 bytes @ 0xE000EDF0)
T08F8 008:755.219   CPU_WriteMem(4 bytes @ 0xE000EDFC)
T08F8 008:756.481   Reset: Reset device via AIRCR.SYSRESETREQ.
T08F8 008:756.528   CPU_WriteMem(4 bytes @ 0xE000ED0C)
T08F8 008:809.605   CPU_ReadMem(4 bytes @ 0xE000EDF0)
T08F8 008:811.302   CPU_ReadMem(4 bytes @ 0xE000EDF0)
T08F8 008:812.712   CPU_WriteMem(4 bytes @ 0xE000EDFC)
T08F8 008:814.250   ResetTarget() end - Took 62.9ms
T08F8 008:814.418   Device specific reset executed.
T08F8 008:823.708   CPU_WriteMem(4 bytes @ 0xE0002000)
T08F8 008:825.231   CPU_ReadMem(4 bytes @ 0xE000EDFC)
T08F8 008:826.472   CPU_ReadMem(4 bytes @ 0xE0001000)
T08F8 008:827.742   CPU_ReadMem(4 bytes @ 0xE000EE08)
T08F8 008:829.385 - 78.950ms 
T08F8 008:829.530 JLINK_SetEndian(ARM_ENDIAN_LITTLE)
T08F8 008:829.574 - 0.044ms returns 0
T08F8 008:838.818 JLINK_ReadMem(0x00035D04, 0x2 Bytes, ...)
T08F8 008:838.904    -- Read from flash cache (2 bytes @ 0x00035D04)
T08F8 008:838.934   Data:  08 B5
T08F8 008:838.964 - 0.146ms returns 0
T08F8 008:839.157 JLINK_ReadMem(0x00039024, 0x2 Bytes, ...)
T08F8 008:839.182    -- Read from flash cache (2 bytes @ 0x00039024)
T08F8 008:839.209   Data:  70 47
T08F8 008:839.238 - 0.081ms returns 0
T08F8 008:841.316 JLINK_ReadMem(0x00035470, 0x4 Bytes, ...)
T08F8 008:841.407    -- Read from flash cache (4 bytes @ 0x00035470)
T08F8 008:841.466   Data:  08 B5 00 F0
T08F8 008:841.523 - 0.207ms returns 0
T08F8 008:846.154 JLINK_ReadMem(0x00035470, 0x4 Bytes, ...)
T08F8 008:846.365    -- Read from flash cache (4 bytes @ 0x00035470)
T08F8 008:846.422   Data:  08 B5 00 F0
T08F8 008:846.476 - 0.323ms returns 0
T08F8 009:000.157 JLINK_GetNumBPUnits(Type = 0xFFFFFF00)
T08F8 009:000.215 - 0.059ms returns 0x08
T08F8 009:000.231 JLINK_GetNumWPUnits()
T08F8 009:000.248 - 0.016ms returns 4
T08F8 009:000.263 JLINK_GetNumWPUnits()
T08F8 009:000.277 - 0.013ms returns 4
T08F8 009:000.298 JLINK_GetNumBPUnits(Type = 0xFFFFFF00)
T08F8 009:000.314 - 0.017ms returns 0x08
T08F8 009:000.329 JLINK_GetNumWPUnits()
T08F8 009:000.344 - 0.014ms returns 4
T08F8 009:000.360 JLINK_GetNumWPUnits()
T08F8 009:000.374 - 0.014ms returns 4
T08F8 009:000.390 JLINK_GetNumBPUnits(Type = 0xFFFFFF00)
T08F8 009:000.404 - 0.014ms returns 0x08
T08F8 009:000.419 JLINK_GetNumWPUnits()
T08F8 009:000.433 - 0.014ms returns 4
T08F8 009:000.447 JLINK_GetNumWPUnits()
T08F8 009:000.461 - 0.013ms returns 4
T08F8 009:000.506 JLINK_SetBPEx(Addr = 0x00034E9C, Type = 0xFFFFFF00)
T08F8 009:000.522 - 0.017ms returns 0x00000001
T08F8 009:000.539 JLINK_ClrBPEx(BPHandle = 0x00000001)
T08F8 009:000.554 - 0.015ms returns 0x00
T08F8 009:013.006 JLINK_ReadMem(0x00034E80, 0x40 Bytes, ...)
T08F8 009:013.052    -- Read from flash cache (64 bytes @ 0x00034E80)
T08F8 009:013.074   Data:  E1 FE BD E8 08 40 FF F7 85 BF 00 BF 4F F0 FF 30 ...
T08F8 009:013.096 - 0.090ms returns 0
T08F8 009:013.826 JLINK_ReadMem(0x00034E9C, 0x2 Bytes, ...)
T08F8 009:013.899    -- Read from flash cache (2 bytes @ 0x00034E9C)
T08F8 009:013.952   Data:  08 B5
T08F8 009:014.003 - 0.177ms returns 0
T08F8 009:014.396 JLINK_SetBPEx(Addr = 0x00034E9C, Type = 0xFFFFFF00)
T08F8 009:014.519 - 0.123ms returns 0x00000002
T08F8 009:772.854 JLINK_ReadRegs(NumRegs = 22)
T08F8 009:772.958   CPU_ReadMem(4 bytes @ 0xE000EE08)
T08F8 009:774.112   
  R0 (0)        = 0x00                 R1 (1)        = 0x00                 R2 (2)        = 0x00                 R3 (3)        = 0x00              
  R4 (4)        = 0x00                 R5 (5)        = 0x00                 R6 (6)        = 0x00                 R7 (7)        = 0x00              
  R8 (8)        = 0x200083E0           R9 (9)        = 0x00                 R10 (10)      = 0x20000478           R11 (11)      = 0x00              
  R12 (12)      = 0x2003D888           R13 (SP) (13) = 0x20000540           R14 (14)      = 0xFFFFFFFF           R15 (PC) (15) = 0x35470           
  XPSR (16)     = 0xF9000000           MSP (17)      = 0x20000540           PSP (18)      = 0x00                 MSPLIM (86)   = 0x00              
  PSPLIM (87)   = 0x00                 CFBP (20)     = 0x00              
T08F8 009:774.318 - 1.462ms returns 0x00
T08F8 009:776.630 JLINK_ReadMem(0x00035470, 0x4 Bytes, ...)
T08F8 009:776.786    -- Read from flash cache (4 bytes @ 0x00035470)
T08F8 009:776.902   Data:  08 B5 00 F0
T08F8 009:777.172 - 0.542ms returns 0
T08F8 009:784.906 JLINK_ReadMem(0x00035470, 0x4 Bytes, ...)
T08F8 009:785.006    -- Read from flash cache (4 bytes @ 0x00035470)
T08F8 009:785.061   Data:  08 B5 00 F0
T08F8 009:785.115 - 0.209ms returns 0
T3998 009:805.320 JLINK_GetNumBPUnits(Type = 0xFFFFFF00)
T3998 009:805.430 - 0.110ms returns 0x08
T3998 009:805.454 JLINK_GetNumWPUnits()
T3998 009:805.468 - 0.014ms returns 4
T3998 009:805.483 JLINK_GetNumWPUnits()
T3998 009:805.497 - 0.013ms returns 4
T3998 009:805.942 JLINK_GetNumBPUnits(Type = 0xFFFFFF00)
T3998 009:806.006 - 0.064ms returns 0x08
T3998 009:806.045 JLINK_GetNumWPUnits()
T3998 009:806.080 - 0.035ms returns 4
T3998 009:806.117 JLINK_GetNumWPUnits()
T3998 009:806.152 - 0.035ms returns 4
T3998 009:807.054 JLINK_GetNumBPUnits(Type = 0xFFFFFF00)
T3998 009:807.096 - 0.042ms returns 0x08
T3998 009:807.112 JLINK_GetNumWPUnits()
T3998 009:807.126 - 0.014ms returns 4
T3998 009:807.141 JLINK_GetNumWPUnits()
T3998 009:807.154 - 0.013ms returns 4
T3998 009:807.818 JLINK_ReadReg(XPSR)
T3998 009:808.819 - 1.001ms returns 0xF9000000
T3998 009:808.926 JLINK_ReadReg(R15 (PC))
T3998 009:808.972 - 0.045ms returns 0x00035470
T3998 009:809.458 JLINK_GetNumBPUnits(Type = 0xFFFFFF00)
T3998 009:809.496 - 0.039ms returns 0x08
T3998 009:809.512 JLINK_GetNumWPUnits()
T3998 009:809.526 - 0.014ms returns 4
T3998 009:809.541 JLINK_GetNumWPUnits()
T3998 009:809.554 - 0.013ms returns 4
T3998 009:809.911 JLINK_GetNumBPUnits(Type = 0xFFFFFF00)
T3998 009:809.989 - 0.077ms returns 0x08
T3998 009:810.006 JLINK_GetNumWPUnits()
T3998 009:810.021 - 0.014ms returns 4
T3998 009:810.035 JLINK_GetNumWPUnits()
T3998 009:810.050 - 0.014ms returns 4
T3998 009:810.310 JLINK_GetNumBPUnits(Type = 0xFFFFFF00)
T3998 009:810.342 - 0.033ms returns 0x08
T3998 009:810.358 JLINK_GetNumWPUnits()
T3998 009:810.374 - 0.017ms returns 4
T3998 009:810.394 JLINK_GetNumWPUnits()
T3998 009:810.407 - 0.014ms returns 4
T3998 009:810.555 JLINK_GetNumBPUnits(Type = 0xFFFFFF00)
T3998 009:810.586 - 0.030ms returns 0x08
T3998 009:810.602 JLINK_GetNumWPUnits()
T3998 009:810.615 - 0.014ms returns 4
T3998 009:810.630 JLINK_GetNumWPUnits()
T3998 009:810.645 - 0.014ms returns 4
T3998 009:810.802 JLINK_GetNumBPUnits(Type = 0xFFFFFF00)
T3998 009:810.824 - 0.022ms returns 0x08
T3998 009:810.838 JLINK_GetNumWPUnits()
T3998 009:810.853 - 0.013ms returns 4
T3998 009:810.867 JLINK_GetNumWPUnits()
T3998 009:810.881 - 0.013ms returns 4
T08F8 009:835.134 JLINK_ReadMem(0x00035470, 0x4 Bytes, ...)
T08F8 009:835.193    -- Read from flash cache (4 bytes @ 0x00035470)
T08F8 009:835.220   Data:  08 B5 00 F0
T08F8 009:835.242 - 0.107ms returns 0
T08F8 013:291.272 JLINK_STRACE_Read(..., NumItems = 0x10000)
T08F8 013:291.385   Initializing trace type buffer with configured Coresight trace components (* indicates set/detected address):
T08F8 013:291.431    *TF:   0xE0047000
T08F8 013:291.472    *TMC:  0xE0048000
T08F8 013:291.510     ETB:  0x00000000
T08F8 013:291.549     MTB:  0x00000000
T08F8 013:291.587    *TPIU: 0xE0040000
T08F8 013:291.626    *ETM:  0xE0041000
T08F8 013:291.664     STM:  0x00000000
T08F8 013:291.702     PTM:  0x00000000
T08F8 013:293.000 - 1.727ms NumItemsRead = 0x00
T08F8 013:293.141 JLINK_IsHalted()
T08F8 013:294.170 - 1.027ms returns TRUE
T08F8 013:294.296 JLINK_STRACE_Read(..., NumItems = 0x10000)
T08F8 013:294.340 - 0.044ms NumItemsRead = 0x00
T08F8 013:294.381 JLINK_GoEx(MaxEmulInsts = 0, Flags = 0x01)
T08F8 013:294.428   CPU_WriteMem(4 bytes @ 0xE0002000)
T08F8 013:295.495   CPU_ReadMem(4 bytes @ 0xE0001000)
T08F8 013:296.497   CPU_WriteMem(4 bytes @ 0xE0002008)
T08F8 013:296.578   CPU_WriteMem(4 bytes @ 0xE000200C)
T08F8 013:296.634   CPU_WriteMem(4 bytes @ 0xE0002010)
T08F8 013:296.686   CPU_WriteMem(4 bytes @ 0xE0002014)
T08F8 013:296.739   CPU_WriteMem(4 bytes @ 0xE0002018)
T08F8 013:296.794   CPU_WriteMem(4 bytes @ 0xE000201C)
T08F8 013:296.850   CPU_WriteMem(4 bytes @ 0xE0002020)
T08F8 013:296.903   CPU_WriteMem(4 bytes @ 0xE0002024)
T08F8 013:300.961   CPU_WriteMem(4 bytes @ 0xE0001004)
T08F8 013:303.390   Memory map 'after startup completion point' is active
T08F8 013:303.479 - 9.098ms 
T08F8 013:399.849 JLINK_IsHalted()
T08F8 013:407.241 - 7.389ms returns TRUE
T08F8 013:407.482 JLINK_ReadReg(XPSR)
T08F8 013:407.566   CPU_ReadMem(4 bytes @ 0xE000EE08)
T08F8 013:409.806 - 2.322ms returns 0x69000000
T08F8 013:410.148 JLINK_ReadReg(R15 (PC))
T08F8 013:410.225 - 0.076ms returns 0x00034E9C
T08F8 013:410.291 JLINK_ReadReg(XPSR)
T08F8 013:410.347 - 0.056ms returns 0x69000000
T08F8 013:410.407 JLINK_ReadReg(XPSR)
T08F8 013:410.463 - 0.055ms returns 0x69000000
T08F8 013:410.522 JLINK_ReadReg(R15 (PC))
T08F8 013:410.578 - 0.055ms returns 0x00034E9C
T08F8 013:410.637 JLINK_ReadReg(XPSR)
T08F8 013:410.692 - 0.054ms returns 0x69000000
T08F8 013:410.750 JLINK_ReadReg(XPSR)
T08F8 013:410.806 - 0.055ms returns 0x69000000
T08F8 013:410.866 JLINK_ReadMem(0x00034E9C, 0x1 Bytes, ...)
T08F8 013:410.925    -- Read from flash cache (1 bytes @ 0x00034E9C)
T08F8 013:411.004   Data:  08
T08F8 013:411.074 - 0.209ms returns 0
T08F8 013:411.129 JLINK_IsHalted()
T08F8 013:411.179 - 0.050ms returns TRUE
T08F8 013:411.233 JLINK_ReadReg(XPSR)
T08F8 013:411.284 - 0.050ms returns 0x69000000
T08F8 013:411.338 JLINK_ReadReg(XPSR)
T08F8 013:411.392 - 0.054ms returns 0x69000000
T08F8 013:411.452 JLINK_ReadReg(R15 (PC))
T08F8 013:411.502 - 0.051ms returns 0x00034E9C
T08F8 013:411.560 JLINK_ReadReg(XPSR)
T08F8 013:411.613 - 0.052ms returns 0x69000000
T08F8 013:411.667 JLINK_ReadReg(XPSR)
T08F8 013:411.718 - 0.050ms returns 0x69000000
T08F8 013:411.771 JLINK_ReadMem(0x00034E9C, 0x1 Bytes, ...)
T08F8 013:411.821    -- Read from flash cache (1 bytes @ 0x00034E9C)
T08F8 013:411.889   Data:  08
T08F8 013:411.959 - 0.188ms returns 0
T08F8 013:412.114 JLINK_IsHalted()
T08F8 013:412.163 - 0.049ms returns TRUE
T08F8 013:412.209 JLINK_ReadReg(XPSR)
T08F8 013:412.255 - 0.045ms returns 0x69000000
T08F8 013:412.301 JLINK_ReadReg(R15 (PC))
T08F8 013:412.345 - 0.044ms returns 0x00034E9C
T08F8 013:412.390 JLINK_ReadReg(XPSR)
T08F8 013:412.434 - 0.044ms returns 0x69000000
T08F8 013:412.480 JLINK_ReadReg(XPSR)
T08F8 013:412.525 - 0.045ms returns 0x69000000
T08F8 013:412.570 JLINK_ReadReg(R15 (PC))
T08F8 013:412.614 - 0.044ms returns 0x00034E9C
T08F8 013:412.660 JLINK_ReadReg(XPSR)
T08F8 013:412.705 - 0.044ms returns 0x69000000
T08F8 013:412.750 JLINK_ReadReg(XPSR)
T08F8 013:412.794 - 0.044ms returns 0x69000000
T08F8 013:412.839 JLINK_ReadMem(0x00034E9C, 0x1 Bytes, ...)
T08F8 013:412.882    -- Read from flash cache (1 bytes @ 0x00034E9C)
T08F8 013:412.942   Data:  08
T08F8 013:413.005 - 0.165ms returns 0
T08F8 013:413.047 JLINK_IsHalted()
T08F8 013:413.087 - 0.040ms returns TRUE
T08F8 013:413.129 JLINK_ReadReg(XPSR)
T08F8 013:413.171 - 0.042ms returns 0x69000000
T08F8 013:413.214 JLINK_ReadReg(XPSR)
T08F8 013:413.256 - 0.042ms returns 0x69000000
T08F8 013:413.298 JLINK_ReadReg(R15 (PC))
T08F8 013:413.340 - 0.042ms returns 0x00034E9C
T08F8 013:413.383 JLINK_ReadReg(XPSR)
T08F8 013:413.425 - 0.041ms returns 0x69000000
T08F8 013:413.467 JLINK_ReadReg(XPSR)
T08F8 013:413.509 - 0.041ms returns 0x69000000
T08F8 013:413.550 JLINK_ReadMem(0x00034E9C, 0x1 Bytes, ...)
T08F8 013:413.591    -- Read from flash cache (1 bytes @ 0x00034E9C)
T08F8 013:413.650   Data:  08
T08F8 013:413.710 - 0.159ms returns 0
T08F8 013:414.550 JLINK_ReadRegs(NumRegs = 22)
T08F8 013:414.650   
  R0 (0)        = 0x00                 R1 (1)        = 0x00                 R2 (2)        = 0x4001E000           R3 (3)        = 0xA500            
  R4 (4)        = 0x00                 R5 (5)        = 0x00                 R6 (6)        = 0x00                 R7 (7)        = 0x00              
  R8 (8)        = 0x200083E0           R9 (9)        = 0x00                 R10 (10)      = 0x20000478           R11 (11)      = 0x00              
  R12 (12)      = 0x10                 R13 (SP) (13) = 0x20000538           R14 (14)      = 0x3547B              R15 (PC) (15) = 0x34E9C           
  XPSR (16)     = 0x69000000           MSP (17)      = 0x20000538           PSP (18)      = 0x00                 MSPLIM (86)   = 0x20000140        
  PSPLIM (87)   = 0x00                 CFBP (20)     = 0x00              
T08F8 013:414.715 - 0.165ms returns 0x00
T08F8 013:416.758 JLINK_ReadMem(0x00034E9C, 0x4 Bytes, ...)
T08F8 013:416.882    -- Read from flash cache (4 bytes @ 0x00034E9C)
T08F8 013:416.982   Data:  08 B5 FF F7
T08F8 013:417.080 - 0.322ms returns 0
T08F8 013:419.255 JLINK_ClrBPEx(BPHandle = 0x00000002)
T08F8 013:419.399 - 0.144ms returns 0x00
T08F8 013:447.755 JLINK_ReadMem(0x00034E9C, 0x4 Bytes, ...)
T08F8 013:447.874    -- Read from flash cache (4 bytes @ 0x00034E9C)
T08F8 013:447.898   Data:  08 B5 FF F7
T08F8 013:447.918 - 0.164ms returns 0
T3998 014:420.987 JLINK_ReadReg(XPSR)
T3998 014:421.725 - 0.738ms returns 0x69000000
T3998 014:421.792 JLINK_ReadReg(R15 (PC))
T3998 014:421.813 - 0.019ms returns 0x00034E9C
T3998 014:422.402 JLINK_IsHalted()
T3998 014:422.483 - 0.080ms returns TRUE
T3998 014:422.525 JLINK_ReadReg(XPSR)
T3998 014:422.570 - 0.043ms returns 0x69000000
T3998 014:422.610 JLINK_ReadReg(R15 (PC))
T3998 014:422.682 - 0.071ms returns 0x00034E9C
T3998 014:422.704 JLINK_ReadReg(XPSR)
T3998 014:422.720 - 0.016ms returns 0x69000000
T3998 014:422.736 JLINK_ReadReg(XPSR)
T3998 014:422.754 - 0.016ms returns 0x69000000
T3998 014:422.770 JLINK_ReadReg(R15 (PC))
T3998 014:422.786 - 0.016ms returns 0x00034E9C
T3998 014:422.803 JLINK_ReadReg(XPSR)
T3998 014:422.818 - 0.015ms returns 0x69000000
T3998 014:422.840 JLINK_ReadReg(XPSR)
T3998 014:422.856 - 0.015ms returns 0x69000000
T3998 014:422.875 JLINK_ReadMem(0x00034E9C, 0x1 Bytes, ...)
T3998 014:422.898    -- Read from flash cache (1 bytes @ 0x00034E9C)
T3998 014:422.923   Data:  08
T3998 014:422.947 - 0.072ms returns 0
T3998 014:422.963 JLINK_IsHalted()
T3998 014:422.979 - 0.015ms returns TRUE
T3998 014:422.995 JLINK_ReadReg(XPSR)
T3998 014:423.013 - 0.017ms returns 0x69000000
T3998 014:423.029 JLINK_ReadReg(XPSR)
T3998 014:423.045 - 0.015ms returns 0x69000000
T3998 014:423.061 JLINK_ReadReg(R15 (PC))
T3998 014:423.077 - 0.015ms returns 0x00034E9C
T3998 014:423.093 JLINK_ReadReg(XPSR)
T3998 014:423.109 - 0.015ms returns 0x69000000
T3998 014:423.123 JLINK_ReadReg(XPSR)
T3998 014:423.139 - 0.015ms returns 0x69000000
T3998 014:423.155 JLINK_ReadMem(0x00034E9C, 0x1 Bytes, ...)
T3998 014:423.171    -- Read from flash cache (1 bytes @ 0x00034E9C)
T3998 014:423.194   Data:  08
T3998 014:423.216 - 0.060ms returns 0
T3998 014:423.267 JLINK_ReadMem(0xE0001000, 0x4 Bytes, ...)
T3998 014:423.286   CPU_ReadMem(4 bytes @ 0xE0001000)
T3998 014:424.307   Data:  01 00 00 40
T3998 014:424.392   Debug reg: DWT_CTRL
T3998 014:424.413 - 1.146ms returns 0
T3998 014:424.467 JLINK_WriteMem(0xE0001FB0, 0x8 Bytes, ...)
T3998 014:424.483   Data:  00 00 00 00 55 CE AC C5
T3998 014:424.741   CPU_WriteMem(8 bytes @ 0xE0001FB0)
T3998 014:425.605 - 1.137ms returns 0x8
T3998 014:425.646 JLINK_ReadMem(0xE000EDFC, 0x4 Bytes, ...)
T3998 014:425.667   CPU_ReadMem(4 bytes @ 0xE000EDFC)
T3998 014:426.440   Data:  00 00 10 01
T3998 014:426.469   Debug reg: DEMCR
T3998 014:426.491 - 0.843ms returns 0
T3998 014:426.861 JLINK_ReadMem(0xE0001004, 0x4 Bytes, ...)
T3998 014:426.880   CPU_ReadMem(4 bytes @ 0xE0001004)
T3998 014:427.712   Data:  49 B1 05 00
T3998 014:427.744   Debug reg: DWT_CYCCNT
T3998 014:427.765 - 0.904ms returns 0
T08F8 016:227.350 JLINK_STRACE_Read(..., NumItems = 0x10000)
T08F8 016:227.442 - 0.090ms NumItemsRead = 0x00
T08F8 016:227.984 JLINK_ReadMem(0xE0001004, 0x4 Bytes, ...)
T08F8 016:228.040   Data:  49 B1 05 00
T08F8 016:228.094   Debug reg: DWT_CYCCNT
T08F8 016:228.146 - 0.162ms returns 0
T08F8 016:228.189 JLINK_IsHalted()
T08F8 016:229.104 - 0.913ms returns TRUE
T08F8 016:229.310 JLINK_STRACE_Read(..., NumItems = 0x10000)
T08F8 016:229.394 - 0.083ms NumItemsRead = 0x00
T08F8 016:230.403 JLINK_ReadMem(0xE0001004, 0x4 Bytes, ...)
T08F8 016:230.510   Data:  49 B1 05 00
T08F8 016:230.635   Debug reg: DWT_CYCCNT
T08F8 016:230.738 - 0.334ms returns 0
T08F8 016:230.806 JLINK_GoEx(MaxEmulInsts = 0, Flags = 0x01)
T08F8 016:230.888   CPU_ReadMem(4 bytes @ 0xE0001000)
T08F8 016:231.955   CPU_WriteMem(4 bytes @ 0xE0002008)
T08F8 016:234.246 - 3.440ms 
T08F8 016:336.774 JLINK_IsHalted()
T08F8 016:339.675 - 2.898ms returns FALSE
T08F8 016:339.854 JLINK_IsHalted()
T08F8 016:341.486 - 1.632ms returns FALSE
T08F8 016:446.014 JLINK_IsHalted()
T08F8 016:449.270 - 3.252ms returns FALSE
T08F8 016:449.571 JLINK_IsHalted()
T08F8 016:451.181 - 1.610ms returns FALSE
T08F8 016:556.136 JLINK_IsHalted()
T08F8 016:557.467 - 1.331ms returns FALSE
T08F8 016:557.595 JLINK_IsHalted()
T08F8 016:559.134 - 1.539ms returns FALSE
T08F8 016:665.187 JLINK_IsHalted()
T08F8 016:667.246 - 2.057ms returns FALSE
T08F8 016:667.627 JLINK_IsHalted()
T08F8 016:669.198 - 1.570ms returns FALSE
T08F8 016:774.882 JLINK_IsHalted()
T08F8 016:776.362 - 1.478ms returns FALSE
T08F8 016:776.472 JLINK_IsHalted()
T08F8 016:779.964 - 3.491ms returns FALSE
T08F8 016:884.292 JLINK_IsHalted()
T08F8 016:886.092 - 1.798ms returns FALSE
T08F8 016:886.250 JLINK_IsHalted()
T08F8 016:887.948 - 1.694ms returns FALSE
T08F8 016:993.514 JLINK_IsHalted()
T08F8 016:995.866 - 2.350ms returns FALSE
T08F8 016:996.238 JLINK_IsHalted()
T08F8 016:997.854 - 1.615ms returns FALSE
T08F8 017:103.058 JLINK_IsHalted()
T08F8 017:104.964 - 1.907ms returns FALSE
T08F8 017:105.146 JLINK_IsHalted()
T08F8 017:106.840 - 1.695ms returns FALSE
T08F8 017:212.256 JLINK_IsHalted()
T08F8 017:214.296 - 2.037ms returns FALSE
T08F8 017:214.766 JLINK_IsHalted()
T08F8 017:217.444 - 2.677ms returns FALSE
T3998 017:234.688 JLINK_IsHalted()
T3998 017:238.126 - 3.436ms returns FALSE
T3998 017:238.444 JLINK_IsHalted()
T3998 017:239.894 - 1.449ms returns FALSE
T08F8 017:321.874 JLINK_IsHalted()
T08F8 017:323.604 - 1.727ms returns FALSE
T08F8 017:323.932 JLINK_IsHalted()
T08F8 017:325.672 - 1.739ms returns FALSE
T08F8 017:431.130 JLINK_IsHalted()
T08F8 017:434.076 - 2.946ms returns FALSE
T08F8 017:434.432 JLINK_IsHalted()
T08F8 017:436.070 - 1.637ms returns FALSE
T08F8 017:540.186 JLINK_IsHalted()
T08F8 017:541.924 - 1.735ms returns FALSE
T08F8 017:542.060 JLINK_IsHalted()
T08F8 017:543.778 - 1.715ms returns FALSE
T08F8 017:649.684 JLINK_IsHalted()
T08F8 017:651.268 - 1.581ms returns FALSE
T08F8 017:651.396 JLINK_IsHalted()
T08F8 017:653.092 - 1.694ms returns FALSE
T08F8 017:758.508 JLINK_IsHalted()
T08F8 017:760.908 - 2.399ms returns FALSE
T08F8 017:761.200 JLINK_IsHalted()
T08F8 017:762.774 - 1.572ms returns FALSE
T08F8 017:868.532 JLINK_IsHalted()
T08F8 017:870.716 - 2.182ms returns FALSE
T08F8 017:870.928 JLINK_IsHalted()
T08F8 017:872.598 - 1.671ms returns FALSE
T08F8 017:977.842 JLINK_IsHalted()
T08F8 017:980.006 - 2.163ms returns FALSE
T08F8 017:980.502 JLINK_IsHalted()
T08F8 017:984.798 - 4.294ms returns FALSE
T08F8 018:087.794 JLINK_IsHalted()
T08F8 018:089.758 - 1.961ms returns FALSE
T08F8 018:090.042 JLINK_IsHalted()
T08F8 018:091.642 - 1.597ms returns FALSE
T08F8 018:197.090 JLINK_IsHalted()
T08F8 018:199.550 - 2.457ms returns FALSE
T08F8 018:200.064 JLINK_IsHalted()
T08F8 018:202.694 - 2.628ms returns FALSE
T3998 018:241.044 JLINK_IsHalted()
T3998 018:243.756 - 2.709ms returns FALSE
T3998 018:244.222 JLINK_IsHalted()
T3998 018:246.976 - 2.750ms returns FALSE
T08F8 018:306.180 JLINK_IsHalted()
T08F8 018:308.104 - 1.922ms returns FALSE
T08F8 018:308.524 JLINK_IsHalted()
T08F8 018:310.036 - 1.510ms returns FALSE
T08F8 018:414.946 JLINK_IsHalted()
T08F8 018:416.310 - 1.364ms returns FALSE
T08F8 018:416.534 JLINK_IsHalted()
T08F8 018:418.140 - 1.604ms returns FALSE
T08F8 018:524.304 JLINK_IsHalted()
T08F8 018:526.998 - 2.691ms returns FALSE
T08F8 018:527.316 JLINK_IsHalted()
T08F8 018:529.918 - 2.602ms returns FALSE
T08F8 018:633.868 JLINK_IsHalted()
T08F8 018:636.130 - 2.260ms returns FALSE
T08F8 018:636.372 JLINK_IsHalted()
T08F8 018:637.738 - 1.365ms returns FALSE
T08F8 018:742.886 JLINK_IsHalted()
T08F8 018:745.102 - 2.214ms returns FALSE
T08F8 018:745.318 JLINK_IsHalted()
T08F8 018:746.868 - 1.546ms returns FALSE
T08F8 018:852.678 JLINK_IsHalted()
T08F8 018:854.762 - 2.081ms returns FALSE
T08F8 018:855.170 JLINK_IsHalted()
T08F8 018:856.828 - 1.655ms returns FALSE
T08F8 018:962.356 JLINK_IsHalted()
T08F8 018:964.220 - 1.863ms returns FALSE
T08F8 018:964.564 JLINK_IsHalted()
T08F8 018:966.116 - 1.550ms returns FALSE
T08F8 019:071.710 JLINK_IsHalted()
T08F8 019:073.908 - 2.196ms returns FALSE
T08F8 019:074.338 JLINK_IsHalted()
T08F8 019:076.108 - 1.768ms returns FALSE
T08F8 019:180.412 JLINK_IsHalted()
T08F8 019:182.052 - 1.638ms returns FALSE
T08F8 019:182.218 JLINK_IsHalted()
T08F8 019:183.964 - 1.746ms returns FALSE
T3998 019:248.508 JLINK_IsHalted()
T3998 019:249.984 - 1.475ms returns FALSE
T3998 019:250.058 JLINK_IsHalted()
T3998 019:251.852 - 1.792ms returns FALSE
T08F8 019:290.100 JLINK_IsHalted()
T08F8 019:291.856 - 1.756ms returns FALSE
T08F8 019:292.002 JLINK_IsHalted()
T08F8 019:293.856 - 1.854ms returns FALSE
T3F90 019:825.388 JLINK_Halt()
T3F90 019:834.390 - 9.000ms returns 0x00
T3F90 019:834.476 JLINK_ReadReg(XPSR)
T3F90 019:836.188   CPU_ReadMem(4 bytes @ 0xE000EE08)
T3F90 019:838.140 - 3.660ms returns 0x69000000
T3F90 019:846.604 JLINK_Close()
T3F90 019:854.156 - 7.551ms
T3F90 019:854.196   
T3F90 019:854.212   Closed
